Archive member included to satisfy reference by file (symbol)

C:/ST/STM32CubeIDE_1.13.1/STM32CubeIDE/plugins/com.st.stm32cube.ide.mcu.externaltools.gnu-tools-for-stm32.11.3.rel1.win32_1.1.0.202305231506/tools/bin/../lib/gcc/arm-none-eabi/11.3.1/../../../../arm-none-eabi/lib/thumb/v7-m/nofp\libc_nano.a(libc_a-exit.o)
                              C:/ST/STM32CubeIDE_1.13.1/STM32CubeIDE/plugins/com.st.stm32cube.ide.mcu.externaltools.gnu-tools-for-stm32.11.3.rel1.win32_1.1.0.202305231506/tools/bin/../lib/gcc/arm-none-eabi/11.3.1/../../../../arm-none-eabi/lib/thumb/v7-m/nofp/crt0.o (exit)
C:/ST/STM32CubeIDE_1.13.1/STM32CubeIDE/plugins/com.st.stm32cube.ide.mcu.externaltools.gnu-tools-for-stm32.11.3.rel1.win32_1.1.0.202305231506/tools/bin/../lib/gcc/arm-none-eabi/11.3.1/../../../../arm-none-eabi/lib/thumb/v7-m/nofp\libc_nano.a(libc_a-findfp.o)
                              C:/ST/STM32CubeIDE_1.13.1/STM32CubeIDE/plugins/com.st.stm32cube.ide.mcu.externaltools.gnu-tools-for-stm32.11.3.rel1.win32_1.1.0.202305231506/tools/bin/../lib/gcc/arm-none-eabi/11.3.1/../../../../arm-none-eabi/lib/thumb/v7-m/nofp\libc_nano.a(libc_a-exit.o) (__stdio_exit_handler)
C:/ST/STM32CubeIDE_1.13.1/STM32CubeIDE/plugins/com.st.stm32cube.ide.mcu.externaltools.gnu-tools-for-stm32.11.3.rel1.win32_1.1.0.202305231506/tools/bin/../lib/gcc/arm-none-eabi/11.3.1/../../../../arm-none-eabi/lib/thumb/v7-m/nofp\libc_nano.a(libc_a-fwalk.o)
                              C:/ST/STM32CubeIDE_1.13.1/STM32CubeIDE/plugins/com.st.stm32cube.ide.mcu.externaltools.gnu-tools-for-stm32.11.3.rel1.win32_1.1.0.202305231506/tools/bin/../lib/gcc/arm-none-eabi/11.3.1/../../../../arm-none-eabi/lib/thumb/v7-m/nofp\libc_nano.a(libc_a-findfp.o) (_fwalk_sglue)
C:/ST/STM32CubeIDE_1.13.1/STM32CubeIDE/plugins/com.st.stm32cube.ide.mcu.externaltools.gnu-tools-for-stm32.11.3.rel1.win32_1.1.0.202305231506/tools/bin/../lib/gcc/arm-none-eabi/11.3.1/../../../../arm-none-eabi/lib/thumb/v7-m/nofp\libc_nano.a(libc_a-snprintf.o)
                              ./Core/Src/main.o (snprintf)
C:/ST/STM32CubeIDE_1.13.1/STM32CubeIDE/plugins/com.st.stm32cube.ide.mcu.externaltools.gnu-tools-for-stm32.11.3.rel1.win32_1.1.0.202305231506/tools/bin/../lib/gcc/arm-none-eabi/11.3.1/../../../../arm-none-eabi/lib/thumb/v7-m/nofp\libc_nano.a(libc_a-stdio.o)
                              C:/ST/STM32CubeIDE_1.13.1/STM32CubeIDE/plugins/com.st.stm32cube.ide.mcu.externaltools.gnu-tools-for-stm32.11.3.rel1.win32_1.1.0.202305231506/tools/bin/../lib/gcc/arm-none-eabi/11.3.1/../../../../arm-none-eabi/lib/thumb/v7-m/nofp\libc_nano.a(libc_a-findfp.o) (__sread)
C:/ST/STM32CubeIDE_1.13.1/STM32CubeIDE/plugins/com.st.stm32cube.ide.mcu.externaltools.gnu-tools-for-stm32.11.3.rel1.win32_1.1.0.202305231506/tools/bin/../lib/gcc/arm-none-eabi/11.3.1/../../../../arm-none-eabi/lib/thumb/v7-m/nofp\libc_nano.a(libc_a-memcmp.o)
                              ./ThirdParty/SEGGER/OS/SEGGER_SYSVIEW_FreeRTOS.o (memcmp)
C:/ST/STM32CubeIDE_1.13.1/STM32CubeIDE/plugins/com.st.stm32cube.ide.mcu.externaltools.gnu-tools-for-stm32.11.3.rel1.win32_1.1.0.202305231506/tools/bin/../lib/gcc/arm-none-eabi/11.3.1/../../../../arm-none-eabi/lib/thumb/v7-m/nofp\libc_nano.a(libc_a-memset.o)
                              C:/ST/STM32CubeIDE_1.13.1/STM32CubeIDE/plugins/com.st.stm32cube.ide.mcu.externaltools.gnu-tools-for-stm32.11.3.rel1.win32_1.1.0.202305231506/tools/bin/../lib/gcc/arm-none-eabi/11.3.1/../../../../arm-none-eabi/lib/thumb/v7-m/nofp/crt0.o (memset)
C:/ST/STM32CubeIDE_1.13.1/STM32CubeIDE/plugins/com.st.stm32cube.ide.mcu.externaltools.gnu-tools-for-stm32.11.3.rel1.win32_1.1.0.202305231506/tools/bin/../lib/gcc/arm-none-eabi/11.3.1/../../../../arm-none-eabi/lib/thumb/v7-m/nofp\libc_nano.a(libc_a-closer.o)
                              C:/ST/STM32CubeIDE_1.13.1/STM32CubeIDE/plugins/com.st.stm32cube.ide.mcu.externaltools.gnu-tools-for-stm32.11.3.rel1.win32_1.1.0.202305231506/tools/bin/../lib/gcc/arm-none-eabi/11.3.1/../../../../arm-none-eabi/lib/thumb/v7-m/nofp\libc_nano.a(libc_a-stdio.o) (_close_r)
C:/ST/STM32CubeIDE_1.13.1/STM32CubeIDE/plugins/com.st.stm32cube.ide.mcu.externaltools.gnu-tools-for-stm32.11.3.rel1.win32_1.1.0.202305231506/tools/bin/../lib/gcc/arm-none-eabi/11.3.1/../../../../arm-none-eabi/lib/thumb/v7-m/nofp\libc_nano.a(libc_a-reent.o)
                              C:/ST/STM32CubeIDE_1.13.1/STM32CubeIDE/plugins/com.st.stm32cube.ide.mcu.externaltools.gnu-tools-for-stm32.11.3.rel1.win32_1.1.0.202305231506/tools/bin/../lib/gcc/arm-none-eabi/11.3.1/../../../../arm-none-eabi/lib/thumb/v7-m/nofp\libc_nano.a(libc_a-closer.o) (errno)
C:/ST/STM32CubeIDE_1.13.1/STM32CubeIDE/plugins/com.st.stm32cube.ide.mcu.externaltools.gnu-tools-for-stm32.11.3.rel1.win32_1.1.0.202305231506/tools/bin/../lib/gcc/arm-none-eabi/11.3.1/../../../../arm-none-eabi/lib/thumb/v7-m/nofp\libc_nano.a(libc_a-impure.o)
[...]
Memory Configuration

Name             Origin             Length             Attributes
RAM              0x0000000020000000 0x0000000000005000 xrw
FLASH            0x0000000008000000 0x0000000000010000 xr
*default*        0x0000000000000000 0xffffffffffffffff

Linker script and memory map

LOAD C:/ST/STM32CubeIDE_1.13.1/STM32CubeIDE/plugins/com.st.stm32cube.ide.mcu.externaltools.gnu-tools-for-stm32.11.3.rel1.win32_1.1.0.202305231506/tools/bin/../lib/gcc/arm-none-eabi/11.3.1/thumb/v7-m/nofp/crti.o
LOAD C:/ST/STM32CubeIDE_1.13.1/STM32CubeIDE/plugins/com.st.stm32cube.ide.mcu.externaltools.gnu-tools-for-stm32.11.3.rel1.win32_1.1.0.202305231506/tools/bin/../lib/gcc/arm-none-eabi/11.3.1/thumb/v7-m/nofp/crtbegin.o
LOAD C:/ST/STM32CubeIDE_1.13.1/STM32CubeIDE/plugins/com.st.stm32cube.ide.mcu.externaltools.gnu-tools-for-stm32.11.3.rel1.win32_1.1.0.202305231506/tools/bin/../lib/gcc/arm-none-eabi/11.3.1/../../../../arm-none-eabi/lib/thumb/v7-m/nofp/crt0.o
LOAD ./Core/Src/main.o
LOAD ./Core/Src/stm32f1xx_hal_msp.o
LOAD ./Core/Src/stm32f1xx_hal_timebase_tim.o
LOAD ./Core/Src/stm32f1xx_it.o
LOAD ./Core/Src/syscalls.o
LOAD ./Core/Src/system_stm32f1xx.o
LOAD ./Core/Startup/startup_stm32f103c8tx.o
LOAD ./Drivers/STM32F1xx_HAL_Driver/Src/stm32f1xx_hal.o
LOAD ./Drivers/STM32F1xx_HAL_Driver/Src/stm32f1xx_hal_cortex.o
LOAD ./Drivers/STM32F1xx_HAL_Driver/Src/stm32f1xx_hal_dma.o
LOAD ./Drivers/STM32F1xx_HAL_Driver/Src/stm32f1xx_hal_exti.o
LOAD ./Drivers/STM32F1xx_HAL_Driver/Src/stm32f1xx_hal_flash.o
LOAD ./Drivers/STM32F1xx_HAL_Driver/Src/stm32f1xx_hal_flash_ex.o
LOAD ./Drivers/STM32F1xx_HAL_Driver/Src/stm32f1xx_hal_gpio.o
LOAD ./Drivers/STM32F1xx_HAL_Driver/Src/stm32f1xx_hal_gpio_ex.o
LOAD ./Drivers/STM32F1xx_HAL_Driver/Src/stm32f1xx_hal_pwr.o
LOAD ./Drivers/STM32F1xx_HAL_Driver/Src/stm32f1xx_hal_rcc.o
LOAD ./Drivers/STM32F1xx_HAL_Driver/Src/stm32f1xx_hal_rcc_ex.o
LOAD ./Drivers/STM32F1xx_HAL_Driver/Src/stm32f1xx_hal_tim.o
LOAD ./Drivers/STM32F1xx_HAL_Driver/Src/stm32f1xx_hal_tim_ex.o
LOAD ./ThirdParty/FreeRTOS/Source/croutine.o
LOAD ./ThirdParty/FreeRTOS/Source/event_groups.o
LOAD ./ThirdParty/FreeRTOS/Source/list.o
LOAD ./ThirdParty/FreeRTOS/Source/queue.o
LOAD ./ThirdParty/FreeRTOS/Source/stream_buffer.o
LOAD ./ThirdParty/FreeRTOS/Source/tasks.o
LOAD ./ThirdParty/FreeRTOS/Source/timers.o
LOAD ./ThirdParty/FreeRTOS/Source/portable/GCC/ARM_CM3/port.o
LOAD ./ThirdParty/FreeRTOS/Source/portable/MemMang/heap_4.o
LOAD ./ThirdParty/SEGGER/Config/SEGGER_SYSVIEW_Config_FreeRTOS.o
LOAD ./ThirdParty/SEGGER/OS/SEGGER_SYSVIEW_FreeRTOS.o
LOAD ./ThirdParty/SEGGER/SEGGER/SEGGER_RTT.o
LOAD ./ThirdParty/SEGGER/SEGGER/SEGGER_RTT_ASM_ARMv7M.o
LOAD ./ThirdParty/SEGGER/SEGGER/SEGGER_RTT_printf.o
LOAD ./ThirdParty/SEGGER/SEGGER/SEGGER_SYSVIEW.o
LOAD ./ThirdParty/SEGGER/SEGGER/Syscalls/SEGGER_RTT_Syscalls_GCC.o
START GROUP
LOAD C:/ST/STM32CubeIDE_1.13.1/STM32CubeIDE/plugins/com.st.stm32cube.ide.mcu.externaltools.gnu-tools-for-stm32.11.3.rel1.win32_1.1.0.202305231506/tools/bin/../lib/gcc/arm-none-eabi/11.3.1/../../../../arm-none-eabi/lib/thumb/v7-m/nofp\libc_nano.a
LOAD C:/ST/STM32CubeIDE_1.13.1/STM32CubeIDE/plugins/com.st.stm32cube.ide.mcu.externaltools.gnu-tools-for-stm32.11.3.rel1.win32_1.1.0.202305231506/tools/bin/../lib/gcc/arm-none-eabi/11.3.1/../../../../arm-none-eabi/lib/thumb/v7-m/nofp\libm.a
END GROUP
START GROUP
LOAD C:/ST/STM32CubeIDE_1.13.1/STM32CubeIDE/plugins/com.st.stm32cube.ide.mcu.externaltools.gnu-tools-for-stm32.11.3.rel1.win32_1.1.0.202305231506/tools/bin/../lib/gcc/arm-none-eabi/11.3.1/thumb/v7-m/nofp\libgcc.a
LOAD C:/ST/STM32CubeIDE_1.13.1/STM32CubeIDE/plugins/com.st.stm32cube.ide.mcu.externaltools.gnu-tools-for-stm32.11.3.rel1.win32_1.1.0.202305231506/tools/bin/../lib/gcc/arm-none-eabi/11.3.1/../../../../arm-none-eabi/lib/thumb/v7-m/nofp\libc_nano.a
END GROUP
START GROUP
LOAD C:/ST/STM32CubeIDE_1.13.1/STM32CubeIDE/plugins/com.st.stm32cube.ide.mcu.externaltools.gnu-tools-for-stm32.11.3.rel1.win32_1.1.0.202305231506/tools/bin/../lib/gcc/arm-none-eabi/11.3.1/thumb/v7-m/nofp\libgcc.a
LOAD C:/ST/STM32CubeIDE_1.13.1/STM32CubeIDE/plugins/com.st.stm32cube.ide.mcu.externaltools.gnu-tools-for-stm32.11.3.rel1.win32_1.1.0.202305231506/tools/bin/../lib/gcc/arm-none-eabi/11.3.1/../../../../arm-none-eabi/lib/thumb/v7-m/nofp\libc_nano.a
LOAD C:/ST/STM32CubeIDE_1.13.1/STM32CubeIDE/plugins/com.st.stm32cube.ide.mcu.externaltools.gnu-tools-for-stm32.11.3.rel1.win32_1.1.0.202305231506/tools/bin/../lib/gcc/arm-none-eabi/11.3.1/../../../../arm-none-eabi/lib/thumb/v7-m/nofp\libnosys.a
END GROUP
START GROUP
LOAD C:/ST/STM32CubeIDE_1.13.1/STM32CubeIDE/plugins/com.st.stm32cube.ide.mcu.externaltools.gnu-tools-for-stm32.11.3.rel1.win32_1.1.0.202305231506/tools/bin/../lib/gcc/arm-none-eabi/11.3.1/thumb/v7-m/nofp\libgcc.a
LOAD C:/ST/STM32CubeIDE_1.13.1/STM32CubeIDE/plugins/com.st.stm32cube.ide.mcu.externaltools.gnu-tools-for-stm32.11.3.rel1.win32_1.1.0.202305231506/tools/bin/../lib/gcc/arm-none-eabi/11.3.1/../../../../arm-none-eabi/lib/thumb/v7-m/nofp\libc_nano.a
LOAD C:/ST/STM32CubeIDE_1.13.1/STM32CubeIDE/plugins/com.st.stm32cube.ide.mcu.externaltools.gnu-tools-for-stm32.11.3.rel1.win32_1.1.0.202305231506/tools/bin/../lib/gcc/arm-none-eabi/11.3.1/../../../../arm-none-eabi/lib/thumb/v7-m/nofp\libnosys.a
END GROUP
LOAD C:/ST/STM32CubeIDE_1.13.1/STM32CubeIDE/plugins/com.st.stm32cube.ide.mcu.externaltools.gnu-tools-for-stm32.11.3.rel1.win32_1.1.0.202305231506/tools/bin/../lib/gcc/arm-none-eabi/11.3.1/thumb/v7-m/nofp/crtend.o
LOAD C:/ST/STM32CubeIDE_1.13.1/STM32CubeIDE/plugins/com.st.stm32cube.ide.mcu.externaltools.gnu-tools-for-stm32.11.3.rel1.win32_1.1.0.202305231506/tools/bin/../lib/gcc/arm-none-eabi/11.3.1/thumb/v7-m/nofp/crtn.o
                0x0000000020005000                _estack = (ORIGIN (RAM) + LENGTH (RAM))
                0x0000000000000200                _Min_Heap_Size = 0x200
                0x0000000000000400                _Min_Stack_Size = 0x400

.isr_vector     0x0000000008000000      0x10c
                0x0000000008000000                . = ALIGN (0x4)
 *(.isr_vector)
 .isr_vector    0x0000000008000000      0x10c ./Core/Startup/startup_stm32f103c8tx.o
                0x0000000008000000                g_pfnVectors
                0x000000000800010c                . = ALIGN (0x4)

.text           0x0000000008000110     0x6670
                0x0000000008000110                . = ALIGN (0x4)
 *(.text)
 .text          0x0000000008000110       0x40 C:/ST/STM32CubeIDE_1.13.1/STM32CubeIDE/plugins/com.st.stm32cube.ide.mcu.externaltools.gnu-tools-for-stm32.11.3.rel1.win32_1.1.0.202305231506/tools/bin/../lib/gcc/arm-none-eabi/11.3.1/thumb/v7-m/nofp/crtbegin.o
 .text          0x0000000008000150       0x8c ./ThirdParty/SEGGER/SEGGER/SEGGER_RTT_ASM_ARMv7M.o
                0x0000000008000150                SEGGER_RTT_ASM_WriteSkipNoLock
 *(.text*)
 .text.main     0x00000000080001dc       0xb0 ./Core/Src/main.o
                0x00000000080001dc                main
 .text.SystemClock_Config
                0x000000000800028c       0x76 ./Core/Src/main.o
                0x000000000800028c                SystemClock_Config
 *fill*         0x0000000008000302        0x2 
 .text.MX_GPIO_Init
                0x0000000008000304       0x98 ./Core/Src/main.o
 .text.Task1Handler
                0x000000000800039c       0x3c ./Core/Src/main.o
                0x000000000800039c                Task1Handler
 .text.Task2Handler
                0x00000000080003d8       0x3c ./Core/Src/main.o
                0x00000000080003d8                Task2Handler
 .text.HAL_TIM_PeriodElapsedCallback
                0x0000000008000414       0x24 ./Core/Src/main.o
                0x0000000008000414                HAL_TIM_PeriodElapsedCallback
 .text.Error_Handler
                0x0000000008000438        0xa ./Core/Src/main.o
                0x0000000008000438                Error_Handler
 *fill*         0x0000000008000442        0x2 
 .text.HAL_MspInit
                0x0000000008000444       0x68 ./Core/Src/stm32f1xx_hal_msp.o
                0x0000000008000444                HAL_MspInit
 .text.HAL_InitTick
                0x00000000080004ac       0xe4 ./Core/Src/stm32f1xx_hal_timebase_tim.o
                0x00000000080004ac                HAL_InitTick
 .text.NMI_Handler
                0x0000000008000590        0x6 ./Core/Src/stm32f1xx_it.o
                0x0000000008000590                NMI_Handler
 .text.HardFault_Handler
                0x0000000008000596        0x6 ./Core/Src/stm32f1xx_it.o
                0x0000000008000596                HardFault_Handler
 .text.MemManage_Handler
                0x000000000800059c        0x6 ./Core/Src/stm32f1xx_it.o
                0x000000000800059c                MemManage_Handler
 .text.BusFault_Handler
                0x00000000080005a2        0x6 ./Core/Src/stm32f1xx_it.o
                0x00000000080005a2                BusFault_Handler
 .text.UsageFault_Handler
                0x00000000080005a8        0x6 ./Core/Src/stm32f1xx_it.o
                0x00000000080005a8                UsageFault_Handler
 .text.DebugMon_Handler
                0x00000000080005ae        0xc ./Core/Src/stm32f1xx_it.o
                0x00000000080005ae                DebugMon_Handler
 *fill*         0x00000000080005ba        0x2 
 .text.TIM1_UP_IRQHandler
                0x00000000080005bc       0x14 ./Core/Src/stm32f1xx_it.o
                0x00000000080005bc                TIM1_UP_IRQHandler
 .text.SystemInit
                0x00000000080005d0        0xc ./Core/Src/system_stm32f1xx.o
                0x00000000080005d0                SystemInit
 .text.Reset_Handler
                0x00000000080005dc       0x48 ./Core/Startup/startup_stm32f103c8tx.o
                0x00000000080005dc                Reset_Handler
 .text.Default_Handler
                0x0000000008000624        0x2 ./Core/Startup/startup_stm32f103c8tx.o
                0x0000000008000624                RTC_Alarm_IRQHandler
                0x0000000008000624                EXTI2_IRQHandler
                0x0000000008000624                TIM1_CC_IRQHandler
                0x0000000008000624                PVD_IRQHandler
                0x0000000008000624                EXTI3_IRQHandler
                0x0000000008000624                EXTI0_IRQHandler
                0x0000000008000624                I2C2_EV_IRQHandler
                0x0000000008000624                ADC1_2_IRQHandler
                0x0000000008000624                SPI1_IRQHandler
                0x0000000008000624                TAMPER_IRQHandler
                0x0000000008000624                DMA1_Channel4_IRQHandler
                0x0000000008000624                USART3_IRQHandler
                0x0000000008000624                RTC_IRQHandler
                0x0000000008000624                DMA1_Channel7_IRQHandler
                0x0000000008000624                CAN1_RX1_IRQHandler
                0x0000000008000624                TIM4_IRQHandler
                0x0000000008000624                I2C1_EV_IRQHandler
                0x0000000008000624                DMA1_Channel6_IRQHandler
                0x0000000008000624                TIM3_IRQHandler
                0x0000000008000624                RCC_IRQHandler
                0x0000000008000624                TIM1_TRG_COM_IRQHandler
                0x0000000008000624                DMA1_Channel1_IRQHandler
                0x0000000008000624                Default_Handler
                0x0000000008000624                EXTI15_10_IRQHandler
                0x0000000008000624                EXTI9_5_IRQHandler
                0x0000000008000624                SPI2_IRQHandler
                0x0000000008000624                DMA1_Channel5_IRQHandler
                0x0000000008000624                EXTI4_IRQHandler
                0x0000000008000624                USB_LP_CAN1_RX0_IRQHandler
                0x0000000008000624                USB_HP_CAN1_TX_IRQHandler
                0x0000000008000624                DMA1_Channel3_IRQHandler
                0x0000000008000624                WWDG_IRQHandler
                0x0000000008000624                TIM2_IRQHandler
                0x0000000008000624                TIM1_BRK_IRQHandler
                0x0000000008000624                EXTI1_IRQHandler
                0x0000000008000624                USART2_IRQHandler
                0x0000000008000624                I2C2_ER_IRQHandler
                0x0000000008000624                DMA1_Channel2_IRQHandler
                0x0000000008000624                CAN1_SCE_IRQHandler
                0x0000000008000624                FLASH_IRQHandler
                0x0000000008000624                USART1_IRQHandler
                0x0000000008000624                I2C1_ER_IRQHandler
                0x0000000008000624                USBWakeUp_IRQHandler
 *fill*         0x0000000008000626        0x2 
 .text.HAL_Init
                0x0000000008000628       0x2c ./Drivers/STM32F1xx_HAL_Driver/Src/stm32f1xx_hal.o
                0x0000000008000628                HAL_Init
 .text.HAL_IncTick
                0x0000000008000654       0x24 ./Drivers/STM32F1xx_HAL_Driver/Src/stm32f1xx_hal.o
                0x0000000008000654                HAL_IncTick
 .text.HAL_GetTick
                0x0000000008000678       0x14 ./Drivers/STM32F1xx_HAL_Driver/Src/stm32f1xx_hal.o
                0x0000000008000678                HAL_GetTick
 .text.__NVIC_SetPriorityGrouping
                0x000000000800068c       0x48 ./Drivers/STM32F1xx_HAL_Driver/Src/stm32f1xx_hal_cortex.o
 .text.__NVIC_GetPriorityGrouping
                0x00000000080006d4       0x1c ./Drivers/STM32F1xx_HAL_Driver/Src/stm32f1xx_hal_cortex.o
 .text.__NVIC_EnableIRQ
                0x00000000080006f0       0x38 ./Drivers/STM32F1xx_HAL_Driver/Src/stm32f1xx_hal_cortex.o
 .text.__NVIC_SetPriority
                0x0000000008000728       0x54 ./Drivers/STM32F1xx_HAL_Driver/Src/stm32f1xx_hal_cortex.o
 .text.NVIC_EncodePriority
                0x000000000800077c       0x64 ./Drivers/STM32F1xx_HAL_Driver/Src/stm32f1xx_hal_cortex.o
 .text.HAL_NVIC_SetPriorityGrouping
                0x00000000080007e0       0x16 ./Drivers/STM32F1xx_HAL_Driver/Src/stm32f1xx_hal_cortex.o
                0x00000000080007e0                HAL_NVIC_SetPriorityGrouping
 .text.HAL_NVIC_SetPriority
                0x00000000080007f6       0x38 ./Drivers/STM32F1xx_HAL_Driver/Src/stm32f1xx_hal_cortex.o
                0x00000000080007f6                HAL_NVIC_SetPriority
 .text.HAL_NVIC_EnableIRQ
                0x000000000800082e       0x1c ./Drivers/STM32F1xx_HAL_Driver/Src/stm32f1xx_hal_cortex.o
                0x000000000800082e                HAL_NVIC_EnableIRQ
 *fill*         0x000000000800084a        0x2 
 .text.HAL_GPIO_Init
                0x000000000800084c      0x308 ./Drivers/STM32F1xx_HAL_Driver/Src/stm32f1xx_hal_gpio.o
                0x000000000800084c                HAL_GPIO_Init
 .text.HAL_GPIO_WritePin
                0x0000000008000b54       0x30 ./Drivers/STM32F1xx_HAL_Driver/Src/stm32f1xx_hal_gpio.o
                0x0000000008000b54                HAL_GPIO_WritePin
 .text.HAL_RCC_OscConfig
                0x0000000008000b84      0x504 ./Drivers/STM32F1xx_HAL_Driver/Src/stm32f1xx_hal_rcc.o
                0x0000000008000b84                HAL_RCC_OscConfig
 .text.HAL_RCC_ClockConfig
                0x0000000008001088      0x1d4 ./Drivers/STM32F1xx_HAL_Driver/Src/stm32f1xx_hal_rcc.o
                0x0000000008001088                HAL_RCC_ClockConfig
 .text.HAL_RCC_GetSysClockFreq
                0x000000000800125c       0xa8 ./Drivers/STM32F1xx_HAL_Driver/Src/stm32f1xx_hal_rcc.o
                0x000000000800125c                HAL_RCC_GetSysClockFreq
 .text.HAL_RCC_GetHCLKFreq
                0x0000000008001304       0x14 ./Drivers/STM32F1xx_HAL_Driver/Src/stm32f1xx_hal_rcc.o
                0x0000000008001304                HAL_RCC_GetHCLKFreq
 .text.HAL_RCC_GetPCLK2Freq
                0x0000000008001318       0x28 ./Drivers/STM32F1xx_HAL_Driver/Src/stm32f1xx_hal_rcc.o
                0x0000000008001318                HAL_RCC_GetPCLK2Freq
 .text.HAL_RCC_GetClockConfig
                0x0000000008001340       0x60 ./Drivers/STM32F1xx_HAL_Driver/Src/stm32f1xx_hal_rcc.o
                0x0000000008001340                HAL_RCC_GetClockConfig
 .text.RCC_Delay
                0x00000000080013a0       0x3c ./Drivers/STM32F1xx_HAL_Driver/Src/stm32f1xx_hal_rcc.o
 .text.HAL_TIM_Base_Init
                0x00000000080013dc       0x9e ./Drivers/STM32F1xx_HAL_Driver/Src/stm32f1xx_hal_tim.o
                0x00000000080013dc                HAL_TIM_Base_Init
 .text.HAL_TIM_Base_MspInit
                0x000000000800147a       0x12 ./Drivers/STM32F1xx_HAL_Driver/Src/stm32f1xx_hal_tim.o
                0x000000000800147a                HAL_TIM_Base_MspInit
 .text.HAL_TIM_Base_Start_IT
                0x000000000800148c       0xa4 ./Drivers/STM32F1xx_HAL_Driver/Src/stm32f1xx_hal_tim.o
                0x000000000800148c                HAL_TIM_Base_Start_IT
 .text.HAL_TIM_IRQHandler
                0x0000000008001530      0x210 ./Drivers/STM32F1xx_HAL_Driver/Src/stm32f1xx_hal_tim.o
                0x0000000008001530                HAL_TIM_IRQHandler
 .text.HAL_TIM_OC_DelayElapsedCallback
                0x0000000008001740       0x12 ./Drivers/STM32F1xx_HAL_Driver/Src/stm32f1xx_hal_tim.o
                0x0000000008001740                HAL_TIM_OC_DelayElapsedCallback
 .text.HAL_TIM_IC_CaptureCallback
                0x0000000008001752       0x12 ./Drivers/STM32F1xx_HAL_Driver/Src/stm32f1xx_hal_tim.o
                0x0000000008001752                HAL_TIM_IC_CaptureCallback
 .text.HAL_TIM_PWM_PulseFinishedCallback
                0x0000000008001764       0x12 ./Drivers/STM32F1xx_HAL_Driver/Src/stm32f1xx_hal_tim.o
                0x0000000008001764                HAL_TIM_PWM_PulseFinishedCallback
 .text.HAL_TIM_TriggerCallback
                0x0000000008001776       0x12 ./Drivers/STM32F1xx_HAL_Driver/Src/stm32f1xx_hal_tim.o
                0x0000000008001776                HAL_TIM_TriggerCallback
 .text.TIM_Base_SetConfig
                0x0000000008001788       0xc4 ./Drivers/STM32F1xx_HAL_Driver/Src/stm32f1xx_hal_tim.o
                0x0000000008001788                TIM_Base_SetConfig
 .text.HAL_TIMEx_CommutCallback
                0x000000000800184c       0x12 ./Drivers/STM32F1xx_HAL_Driver/Src/stm32f1xx_hal_tim_ex.o
                0x000000000800184c                HAL_TIMEx_CommutCallback
 .text.HAL_TIMEx_BreakCallback
                0x000000000800185e       0x12 ./Drivers/STM32F1xx_HAL_Driver/Src/stm32f1xx_hal_tim_ex.o
                0x000000000800185e                HAL_TIMEx_BreakCallback
 .text.vListInitialise
                0x0000000008001870       0x3e ./ThirdParty/FreeRTOS/Source/list.o
                0x0000000008001870                vListInitialise
 .text.vListInitialiseItem
                0x00000000080018ae       0x18 ./ThirdParty/FreeRTOS/Source/list.o
                0x00000000080018ae                vListInitialiseItem
 .text.vListInsert
                0x00000000080018c6       0x70 ./ThirdParty/FreeRTOS/Source/list.o
                0x00000000080018c6                vListInsert
 .text.uxListRemove
                0x0000000008001936       0x52 ./ThirdParty/FreeRTOS/Source/list.o
                0x0000000008001936                uxListRemove
 .text.xQueueGenericReset
                0x0000000008001988      0x104 ./ThirdParty/FreeRTOS/Source/queue.o
                0x0000000008001988                xQueueGenericReset
 .text.xQueueGenericCreate
                0x0000000008001a8c       0x9c ./ThirdParty/FreeRTOS/Source/queue.o
                0x0000000008001a8c                xQueueGenericCreate
 .text.prvInitialiseNewQueue
                0x0000000008001b28       0x52 ./ThirdParty/FreeRTOS/Source/queue.o
 *fill*         0x0000000008001b7a        0x2 
 .text.xQueueReceive
                0x0000000008001b7c      0x20c ./ThirdParty/FreeRTOS/Source/queue.o
                0x0000000008001b7c                xQueueReceive
 .text.prvCopyDataFromQueue
                0x0000000008001d88       0x4c ./ThirdParty/FreeRTOS/Source/queue.o
 .text.prvUnlockQueue
                0x0000000008001dd4       0xa4 ./ThirdParty/FreeRTOS/Source/queue.o
 .text.prvIsQueueEmpty
                0x0000000008001e78       0x2c ./ThirdParty/FreeRTOS/Source/queue.o
 .text.vQueueAddToRegistry
                0x0000000008001ea4       0xac ./ThirdParty/FreeRTOS/Source/queue.o
                0x0000000008001ea4                vQueueAddToRegistry
 .text.vQueueWaitForMessageRestricted
                0x0000000008001f50       0x68 ./ThirdParty/FreeRTOS/Source/queue.o
                0x0000000008001f50                vQueueWaitForMessageRestricted
 .text.xTaskCreate
                0x0000000008001fb8       0x8c ./ThirdParty/FreeRTOS/Source/tasks.o
                0x0000000008001fb8                xTaskCreate
 .text.prvInitialiseNewTask
                0x0000000008002044      0x11c ./ThirdParty/FreeRTOS/Source/tasks.o
 .text.prvAddNewTaskToReadyList
                0x0000000008002160      0x14c ./ThirdParty/FreeRTOS/Source/tasks.o
 .text.vTaskStartScheduler
                0x00000000080022ac       0xc4 ./ThirdParty/FreeRTOS/Source/tasks.o
                0x00000000080022ac                vTaskStartScheduler
 .text.vTaskSuspendAll
                0x0000000008002370       0x1c ./ThirdParty/FreeRTOS/Source/tasks.o
                0x0000000008002370                vTaskSuspendAll
 .text.xTaskResumeAll
                0x000000000800238c      0x1e4 ./ThirdParty/FreeRTOS/Source/tasks.o
                0x000000000800238c                xTaskResumeAll
 .text.xTaskGetTickCount
                0x0000000008002570       0x1c ./ThirdParty/FreeRTOS/Source/tasks.o
                0x0000000008002570                xTaskGetTickCount
 .text.xTaskGetTickCountFromISR
                0x000000000800258c       0x24 ./ThirdParty/FreeRTOS/Source/tasks.o
                0x000000000800258c                xTaskGetTickCountFromISR
 .text.xTaskIncrementTick
                0x00000000080025b0      0x1f0 ./ThirdParty/FreeRTOS/Source/tasks.o
                0x00000000080025b0                xTaskIncrementTick
 .text.vTaskSwitchContext
                0x00000000080027a0       0xd4 ./ThirdParty/FreeRTOS/Source/tasks.o
                0x00000000080027a0                vTaskSwitchContext
 .text.vTaskPlaceOnEventList
                0x0000000008002874       0x48 ./ThirdParty/FreeRTOS/Source/tasks.o
                0x0000000008002874                vTaskPlaceOnEventList
 .text.vTaskPlaceOnEventListRestricted
                0x00000000080028bc       0x90 ./ThirdParty/FreeRTOS/Source/tasks.o
                0x00000000080028bc                vTaskPlaceOnEventListRestricted
 .text.xTaskRemoveFromEventList
                0x000000000800294c      0x1b0 ./ThirdParty/FreeRTOS/Source/tasks.o
                0x000000000800294c                xTaskRemoveFromEventList
 .text.vTaskInternalSetTimeOutState
                0x0000000008002afc       0x2c ./ThirdParty/FreeRTOS/Source/tasks.o
                0x0000000008002afc                vTaskInternalSetTimeOutState
 .text.xTaskCheckForTimeOut
                0x0000000008002b28       0xcc ./ThirdParty/FreeRTOS/Source/tasks.o
                0x0000000008002b28                xTaskCheckForTimeOut
 .text.vTaskMissedYield
                0x0000000008002bf4       0x18 ./ThirdParty/FreeRTOS/Source/tasks.o
                0x0000000008002bf4                vTaskMissedYield
 .text.prvIdleTask
                0x0000000008002c0c       0x24 ./ThirdParty/FreeRTOS/Source/tasks.o
 .text.prvInitialiseTaskLists
                0x0000000008002c30       0x80 ./ThirdParty/FreeRTOS/Source/tasks.o
 .text.prvCheckTasksWaitingTermination
                0x0000000008002cb0       0x5c ./ThirdParty/FreeRTOS/Source/tasks.o
 .text.prvDeleteTCB
                0x0000000008002d0c       0x20 ./ThirdParty/FreeRTOS/Source/tasks.o
 .text.prvResetNextTaskUnblockTime
                0x0000000008002d2c       0x34 ./ThirdParty/FreeRTOS/Source/tasks.o
 .text.xTaskGetSchedulerState
                0x0000000008002d60       0x3c ./ThirdParty/FreeRTOS/Source/tasks.o
                0x0000000008002d60                xTaskGetSchedulerState
 .text.prvAddCurrentTaskToDelayedList
                0x0000000008002d9c      0x100 ./ThirdParty/FreeRTOS/Source/tasks.o
 .text.xTimerCreateTimerTask
                0x0000000008002e9c       0x64 ./ThirdParty/FreeRTOS/Source/timers.o
                0x0000000008002e9c                xTimerCreateTimerTask
 .text.prvReloadTimer
                0x0000000008002f00       0x42 ./ThirdParty/FreeRTOS/Source/timers.o
 *fill*         0x0000000008002f42        0x2 
 .text.prvProcessExpiredTimer
                0x0000000008002f44       0x60 ./ThirdParty/FreeRTOS/Source/timers.o
 .text.prvTimerTask
                0x0000000008002fa4       0x24 ./ThirdParty/FreeRTOS/Source/timers.o
 .text.prvProcessTimerOrBlockTask
                0x0000000008002fc8       0x9c ./ThirdParty/FreeRTOS/Source/timers.o
 .text.prvGetNextExpireTime
                0x0000000008003064       0x44 ./ThirdParty/FreeRTOS/Source/timers.o
 .text.prvSampleTimeNow
                0x00000000080030a8       0x40 ./ThirdParty/FreeRTOS/Source/timers.o
 .text.prvInsertTimerInActiveList
                0x00000000080030e8       0x84 ./ThirdParty/FreeRTOS/Source/timers.o
 .text.prvProcessReceivedCommands
                0x000000000800316c      0x17c ./ThirdParty/FreeRTOS/Source/timers.o
 .text.prvSwitchTimerLists
                0x00000000080032e8       0x4c ./ThirdParty/FreeRTOS/Source/timers.o
 .text.prvCheckForValidListAndQueue
                0x0000000008003334       0x6c ./ThirdParty/FreeRTOS/Source/timers.o
 .text.pxPortInitialiseStack
                0x00000000080033a0       0x58 ./ThirdParty/FreeRTOS/Source/portable/GCC/ARM_CM3/port.o
                0x00000000080033a0                pxPortInitialiseStack
 .text.prvTaskExitError
                0x00000000080033f8       0x58 ./ThirdParty/FreeRTOS/Source/portable/GCC/ARM_CM3/port.o
 .text.SVC_Handler
                0x0000000008003450       0x28 ./ThirdParty/FreeRTOS/Source/portable/GCC/ARM_CM3/port.o
                0x0000000008003450                SVC_Handler
 .text.prvPortStartFirstTask
                0x0000000008003478       0x24 ./ThirdParty/FreeRTOS/Source/portable/GCC/ARM_CM3/port.o
 .text.xPortStartScheduler
                0x000000000800349c       0xe4 ./ThirdParty/FreeRTOS/Source/portable/GCC/ARM_CM3/port.o
                0x000000000800349c                xPortStartScheduler
 .text.vInitPrioGroupValue
                0x0000000008003580       0xf8 ./ThirdParty/FreeRTOS/Source/portable/GCC/ARM_CM3/port.o
                0x0000000008003580                vInitPrioGroupValue
 .text.vPortEnterCritical
                0x0000000008003678       0x60 ./ThirdParty/FreeRTOS/Source/portable/GCC/ARM_CM3/port.o
                0x0000000008003678                vPortEnterCritical
 .text.vPortExitCritical
                0x00000000080036d8       0x50 ./ThirdParty/FreeRTOS/Source/portable/GCC/ARM_CM3/port.o
                0x00000000080036d8                vPortExitCritical
 *fill*         0x0000000008003728        0x8 
 .text.PendSV_Handler
                0x0000000008003730       0x48 ./ThirdParty/FreeRTOS/Source/portable/GCC/ARM_CM3/port.o
                0x0000000008003730                PendSV_Handler
 .text.SysTick_Handler
                0x0000000008003778       0x54 ./ThirdParty/FreeRTOS/Source/portable/GCC/ARM_CM3/port.o
                0x0000000008003778                SysTick_Handler
 .text.vPortSetupTimerInterrupt
                0x00000000080037cc       0x44 ./ThirdParty/FreeRTOS/Source/portable/GCC/ARM_CM3/port.o
                0x00000000080037cc                vPortSetupTimerInterrupt
 .text.vPortValidateInterruptPriority
                0x0000000008003810       0x7c ./ThirdParty/FreeRTOS/Source/portable/GCC/ARM_CM3/port.o
                0x0000000008003810                vPortValidateInterruptPriority
 .text.pvPortMalloc
                0x000000000800388c      0x174 ./ThirdParty/FreeRTOS/Source/portable/MemMang/heap_4.o
                0x000000000800388c                pvPortMalloc
 .text.vPortFree
                0x0000000008003a00       0xb8 ./ThirdParty/FreeRTOS/Source/portable/MemMang/heap_4.o
                0x0000000008003a00                vPortFree
 .text.prvHeapInit
                0x0000000008003ab8       0xb8 ./ThirdParty/FreeRTOS/Source/portable/MemMang/heap_4.o
 .text.prvInsertBlockIntoFreeList
                0x0000000008003b70       0xb0 ./ThirdParty/FreeRTOS/Source/portable/MemMang/heap_4.o
 .text._cbSendSystemDesc
                0x0000000008003c20       0x1c ./ThirdParty/SEGGER/Config/SEGGER_SYSVIEW_Config_FreeRTOS.o
 .text.SEGGER_SYSVIEW_Conf
                0x0000000008003c3c       0x2c ./ThirdParty/SEGGER/Config/SEGGER_SYSVIEW_Config_FreeRTOS.o
                0x0000000008003c3c                SEGGER_SYSVIEW_Conf
 .text._cbSendTaskList
                0x0000000008003c68       0x90 ./ThirdParty/SEGGER/OS/SEGGER_SYSVIEW_FreeRTOS.o
 .text._cbGetTime
                0x0000000008003cf8       0x86 ./ThirdParty/SEGGER/OS/SEGGER_SYSVIEW_FreeRTOS.o
 *fill*         0x0000000008003d7e        0x2 
 .text.SYSVIEW_AddTask
                0x0000000008003d80       0xd0 ./ThirdParty/SEGGER/OS/SEGGER_SYSVIEW_FreeRTOS.o
                0x0000000008003d80                SYSVIEW_AddTask
 .text.SYSVIEW_SendTaskInfo
                0x0000000008003e50       0x42 ./ThirdParty/SEGGER/OS/SEGGER_SYSVIEW_FreeRTOS.o
                0x0000000008003e50                SYSVIEW_SendTaskInfo
 *fill*         0x0000000008003e92        0x2 
 .text._DoInit  0x0000000008003e94       0xb0 ./ThirdParty/SEGGER/SEGGER/SEGGER_RTT.o
 .text.SEGGER_RTT_ReadNoLock
                0x0000000008003f44      0x10c ./ThirdParty/SEGGER/SEGGER/SEGGER_RTT.o
                0x0000000008003f44                SEGGER_RTT_ReadNoLock
 .text.SEGGER_RTT_AllocUpBuffer
                0x0000000008004050      0x104 ./ThirdParty/SEGGER/SEGGER/SEGGER_RTT.o
                0x0000000008004050                SEGGER_RTT_AllocUpBuffer
 .text.SEGGER_RTT_ConfigDownBuffer
                0x0000000008004154       0x94 ./ThirdParty/SEGGER/SEGGER/SEGGER_RTT.o
                0x0000000008004154                SEGGER_RTT_ConfigDownBuffer
 .text._EncodeStr
                0x00000000080041e8       0x5e ./ThirdParty/SEGGER/SEGGER/SEGGER_SYSVIEW.o
 .text._PreparePacket
                0x0000000008004246       0x16 ./ThirdParty/SEGGER/SEGGER/SEGGER_SYSVIEW.o
 .text._HandleIncomingPacket
                0x000000000800425c       0xdc ./ThirdParty/SEGGER/SEGGER/SEGGER_SYSVIEW.o
 .text._TrySendOverflowPacket
                0x0000000008004338       0xe4 ./ThirdParty/SEGGER/SEGGER/SEGGER_SYSVIEW.o
 .text._SendPacket
                0x000000000800441c      0x2dc ./ThirdParty/SEGGER/SEGGER/SEGGER_SYSVIEW.o
 .text._StoreChar
                0x00000000080046f8       0xf6 ./ThirdParty/SEGGER/SEGGER/SEGGER_SYSVIEW.o
 *fill*         0x00000000080047ee        0x2 
 .text._PrintUnsigned
                0x00000000080047f0      0x12c ./ThirdParty/SEGGER/SEGGER/SEGGER_SYSVIEW.o
 .text._PrintInt
                0x000000000800491c      0x11e ./ThirdParty/SEGGER/SEGGER/SEGGER_SYSVIEW.o
 *fill*         0x0000000008004a3a        0x2 
 .text._VPrintTarget
                0x0000000008004a3c      0x440 ./ThirdParty/SEGGER/SEGGER/SEGGER_SYSVIEW.o
 .text.SEGGER_SYSVIEW_Init
                0x0000000008004e7c       0x88 ./ThirdParty/SEGGER/SEGGER/SEGGER_SYSVIEW.o
                0x0000000008004e7c                SEGGER_SYSVIEW_Init
 .text.SEGGER_SYSVIEW_SetRAMBase
                0x0000000008004f04       0x1c ./ThirdParty/SEGGER/SEGGER/SEGGER_SYSVIEW.o
                0x0000000008004f04                SEGGER_SYSVIEW_SetRAMBase
 .text.SEGGER_SYSVIEW_RecordVoid
                0x0000000008004f20       0x3c ./ThirdParty/SEGGER/SEGGER/SEGGER_SYSVIEW.o
                0x0000000008004f20                SEGGER_SYSVIEW_RecordVoid
 .text.SEGGER_SYSVIEW_RecordU32
                0x0000000008004f5c       0x78 ./ThirdParty/SEGGER/SEGGER/SEGGER_SYSVIEW.o
                0x0000000008004f5c                SEGGER_SYSVIEW_RecordU32
 .text.SEGGER_SYSVIEW_RecordU32x2
                0x0000000008004fd4       0xb4 ./ThirdParty/SEGGER/SEGGER/SEGGER_SYSVIEW.o
                0x0000000008004fd4                SEGGER_SYSVIEW_RecordU32x2
 .text.SEGGER_SYSVIEW_RecordU32x3
                0x0000000008005088       0xec ./ThirdParty/SEGGER/SEGGER/SEGGER_SYSVIEW.o
                0x0000000008005088                SEGGER_SYSVIEW_RecordU32x3
 .text.SEGGER_SYSVIEW_RecordU32x4
                0x0000000008005174      0x124 ./ThirdParty/SEGGER/SEGGER/SEGGER_SYSVIEW.o
                0x0000000008005174                SEGGER_SYSVIEW_RecordU32x4
 .text.SEGGER_SYSVIEW_Start
                0x0000000008005298      0x174 ./ThirdParty/SEGGER/SEGGER/SEGGER_SYSVIEW.o
                0x0000000008005298                SEGGER_SYSVIEW_Start
 .text.SEGGER_SYSVIEW_Stop
                0x000000000800540c       0x4c ./ThirdParty/SEGGER/SEGGER/SEGGER_SYSVIEW.o
                0x000000000800540c                SEGGER_SYSVIEW_Stop
 .text.SEGGER_SYSVIEW_GetSysDesc
                0x0000000008005458      0x134 ./ThirdParty/SEGGER/SEGGER/SEGGER_SYSVIEW.o
                0x0000000008005458                SEGGER_SYSVIEW_GetSysDesc
 .text.SEGGER_SYSVIEW_SendTaskInfo
                0x000000000800558c      0x1c8 ./ThirdParty/SEGGER/SEGGER/SEGGER_SYSVIEW.o
                0x000000000800558c                SEGGER_SYSVIEW_SendTaskInfo
 .text.SEGGER_SYSVIEW_SendTaskList
                0x0000000008005754       0x28 ./ThirdParty/SEGGER/SEGGER/SEGGER_SYSVIEW.o
                0x0000000008005754                SEGGER_SYSVIEW_SendTaskList
 .text.SEGGER_SYSVIEW_SendSysDesc
                0x000000000800577c       0x48 ./ThirdParty/SEGGER/SEGGER/SEGGER_SYSVIEW.o
                0x000000000800577c                SEGGER_SYSVIEW_SendSysDesc
 .text.SEGGER_SYSVIEW_RecordSystime
                0x00000000080057c4       0x64 ./ThirdParty/SEGGER/SEGGER/SEGGER_SYSVIEW.o
                0x00000000080057c4                SEGGER_SYSVIEW_RecordSystime
 .text.SEGGER_SYSVIEW_RecordEnterISR
                0x0000000008005828       0x84 ./ThirdParty/SEGGER/SEGGER/SEGGER_SYSVIEW.o
                0x0000000008005828                SEGGER_SYSVIEW_RecordEnterISR
 .text.SEGGER_SYSVIEW_RecordExitISR
                0x00000000080058ac       0x38 ./ThirdParty/SEGGER/SEGGER/SEGGER_SYSVIEW.o
                0x00000000080058ac                SEGGER_SYSVIEW_RecordExitISR
 .text.SEGGER_SYSVIEW_RecordExitISRToScheduler
                0x00000000080058e4       0x38 ./ThirdParty/SEGGER/SEGGER/SEGGER_SYSVIEW.o
                0x00000000080058e4                SEGGER_SYSVIEW_RecordExitISRToScheduler
 .text.SEGGER_SYSVIEW_OnIdle
                0x000000000800591c       0x38 ./ThirdParty/SEGGER/SEGGER/SEGGER_SYSVIEW.o
                0x000000000800591c                SEGGER_SYSVIEW_OnIdle
 .text.SEGGER_SYSVIEW_OnTaskCreate
                0x0000000008005954       0x84 ./ThirdParty/SEGGER/SEGGER/SEGGER_SYSVIEW.o
                0x0000000008005954                SEGGER_SYSVIEW_OnTaskCreate
 .text.SEGGER_SYSVIEW_OnTaskStartExec
                0x00000000080059d8       0x84 ./ThirdParty/SEGGER/SEGGER/SEGGER_SYSVIEW.o
                0x00000000080059d8                SEGGER_SYSVIEW_OnTaskStartExec
 .text.SEGGER_SYSVIEW_OnTaskStartReady
                0x0000000008005a5c       0x84 ./ThirdParty/SEGGER/SEGGER/SEGGER_SYSVIEW.o
                0x0000000008005a5c                SEGGER_SYSVIEW_OnTaskStartReady
 .text.SEGGER_SYSVIEW_ShrinkId
                0x0000000008005ae0       0x20 ./ThirdParty/SEGGER/SEGGER/SEGGER_SYSVIEW.o
                0x0000000008005ae0                SEGGER_SYSVIEW_ShrinkId
 .text.SEGGER_SYSVIEW_SendModule
                0x0000000008005b00      0x114 ./ThirdParty/SEGGER/SEGGER/SEGGER_SYSVIEW.o
                0x0000000008005b00                SEGGER_SYSVIEW_SendModule
 .text.SEGGER_SYSVIEW_SendModuleDescription
                0x0000000008005c14       0x3c ./ThirdParty/SEGGER/SEGGER/SEGGER_SYSVIEW.o
                0x0000000008005c14                SEGGER_SYSVIEW_SendModuleDescription
 .text.SEGGER_SYSVIEW_SendNumModules
                0x0000000008005c50       0x7c ./ThirdParty/SEGGER/SEGGER/SEGGER_SYSVIEW.o
                0x0000000008005c50                SEGGER_SYSVIEW_SendNumModules
 .text.SEGGER_SYSVIEW_PrintfTarget
                0x0000000008005ccc       0x28 ./ThirdParty/SEGGER/SEGGER/SEGGER_SYSVIEW.o
                0x0000000008005ccc                SEGGER_SYSVIEW_PrintfTarget
 .text.SEGGER_SYSVIEW_Warn
                0x0000000008005cf4       0xb8 ./ThirdParty/SEGGER/SEGGER/SEGGER_SYSVIEW.o
                0x0000000008005cf4                SEGGER_SYSVIEW_Warn
 .text.snprintf
                0x0000000008005dac       0x68 C:/ST/STM32CubeIDE_1.13.1/STM32CubeIDE/plugins/com.st.stm32cube.ide.mcu.externaltools.gnu-tools-for-stm32.11.3.rel1.win32_1.1.0.202305231506/tools/bin/../lib/gcc/arm-none-eabi/11.3.1/../../../../arm-none-eabi/lib/thumb/v7-m/nofp\libc_nano.a(libc_a-snprintf.o)
                0x0000000008005dac                sniprintf
                0x0000000008005dac                snprintf
 .text.memcmp   0x0000000008005e14       0x20 C:/ST/STM32CubeIDE_1.13.1/STM32CubeIDE/plugins/com.st.stm32cube.ide.mcu.externaltools.gnu-tools-for-stm32.11.3.rel1.win32_1.1.0.202305231506/tools/bin/../lib/gcc/arm-none-eabi/11.3.1/../../../../arm-none-eabi/lib/thumb/v7-m/nofp\libc_nano.a(libc_a-memcmp.o)
                0x0000000008005e14                memcmp
 .text.memset   0x0000000008005e34       0x10 C:/ST/STM32CubeIDE_1.13.1/STM32CubeIDE/plugins/com.st.stm32cube.ide.mcu.externaltools.gnu-tools-for-stm32.11.3.rel1.win32_1.1.0.202305231506/tools/bin/../lib/gcc/arm-none-eabi/11.3.1/../../../../arm-none-eabi/lib/thumb/v7-m/nofp\libc_nano.a(libc_a-memset.o)
                0x0000000008005e34                memset
 .text.__libc_init_array
                0x0000000008005e44       0x48 C:/ST/STM32CubeIDE_1.13.1/STM32CubeIDE/plugins/com.st.stm32cube.ide.mcu.externaltools.gnu-tools-for-stm32.11.3.rel1.win32_1.1.0.202305231506/tools/bin/../lib/gcc/arm-none-eabi/11.3.1/../../../../arm-none-eabi/lib/thumb/v7-m/nofp\libc_nano.a(libc_a-init.o)
                0x0000000008005e44                __libc_init_array
 .text.__retarget_lock_acquire_recursive
                0x0000000008005e8c        0x2 C:/ST/STM32CubeIDE_1.13.1/STM32CubeIDE/plugins/com.st.stm32cube.ide.mcu.externaltools.gnu-tools-for-stm32.11.3.rel1.win32_1.1.0.202305231506/tools/bin/../lib/gcc/arm-none-eabi/11.3.1/../../../../arm-none-eabi/lib/thumb/v7-m/nofp\libc_nano.a(libc_a-lock.o)
                0x0000000008005e8c                __retarget_lock_acquire_recursive
 .text.__retarget_lock_release_recursive
                0x0000000008005e8e        0x2 C:/ST/STM32CubeIDE_1.13.1/STM32CubeIDE/plugins/com.st.stm32cube.ide.mcu.externaltools.gnu-tools-for-stm32.11.3.rel1.win32_1.1.0.202305231506/tools/bin/../lib/gcc/arm-none-eabi/11.3.1/../../../../arm-none-eabi/lib/thumb/v7-m/nofp\libc_nano.a(libc_a-lock.o)
                0x0000000008005e8e                __retarget_lock_release_recursive
 .text.memcpy   0x0000000008005e90       0x1c C:/ST/STM32CubeIDE_1.13.1/STM32CubeIDE/plugins/com.st.stm32cube.ide.mcu.externaltools.gnu-tools-for-stm32.11.3.rel1.win32_1.1.0.202305231506/tools/bin/../lib/gcc/arm-none-eabi/11.3.1/../../../../arm-none-eabi/lib/thumb/v7-m/nofp\libc_nano.a(libc_a-memcpy-stub.o)
                0x0000000008005e90                memcpy
 .text._free_r  0x0000000008005eac       0x90 C:/ST/STM32CubeIDE_1.13.1/STM32CubeIDE/plugins/com.st.stm32cube.ide.mcu.externaltools.gnu-tools-for-stm32.11.3.rel1.win32_1.1.0.202305231506/tools/bin/../lib/gcc/arm-none-eabi/11.3.1/../../../../arm-none-eabi/lib/thumb/v7-m/nofp\libc_nano.a(libc_a-freer.o)
                0x0000000008005eac                _free_r
 .text.sbrk_aligned
                0x0000000008005f3c       0x40 C:/ST/STM32CubeIDE_1.13.1/STM32CubeIDE/plugins/com.st.stm32cube.ide.mcu.externaltools.gnu-tools-for-stm32.11.3.rel1.win32_1.1.0.202305231506/tools/bin/../lib/gcc/arm-none-eabi/11.3.1/../../../../arm-none-eabi/lib/thumb/v7-m/nofp\libc_nano.a(libc_a-mallocr.o)
 .text._malloc_r
                0x0000000008005f7c      0x100 C:/ST/STM32CubeIDE_1.13.1/STM32CubeIDE/plugins/com.st.stm32cube.ide.mcu.externaltools.gnu-tools-for-stm32.11.3.rel1.win32_1.1.0.202305231506/tools/bin/../lib/gcc/arm-none-eabi/11.3.1/../../../../arm-none-eabi/lib/thumb/v7-m/nofp\libc_nano.a(libc_a-mallocr.o)
                0x0000000008005f7c                _malloc_r
 .text.__malloc_lock
                0x000000000800607c        0xc C:/ST/STM32CubeIDE_1.13.1/STM32CubeIDE/plugins/com.st.stm32cube.ide.mcu.externaltools.gnu-tools-for-stm32.11.3.rel1.win32_1.1.0.202305231506/tools/bin/../lib/gcc/arm-none-eabi/11.3.1/../../../../arm-none-eabi/lib/thumb/v7-m/nofp\libc_nano.a(libc_a-mlock.o)
                0x000000000800607c                __malloc_lock
 .text.__malloc_unlock
                0x0000000008006088        0xc C:/ST/STM32CubeIDE_1.13.1/STM32CubeIDE/plugins/com.st.stm32cube.ide.mcu.externaltools.gnu-tools-for-stm32.11.3.rel1.win32_1.1.0.202305231506/tools/bin/../lib/gcc/arm-none-eabi/11.3.1/../../../../arm-none-eabi/lib/thumb/v7-m/nofp\libc_nano.a(libc_a-mlock.o)
                0x0000000008006088                __malloc_unlock
 .text.__ssputs_r
                0x0000000008006094       0xb4 C:/ST/STM32CubeIDE_1.13.1/STM32CubeIDE/plugins/com.st.stm32cube.ide.mcu.externaltools.gnu-tools-for-stm32.11.3.rel1.win32_1.1.0.202305231506/tools/bin/../lib/gcc/arm-none-eabi/11.3.1/../../../../arm-none-eabi/lib/thumb/v7-m/nofp\libc_nano.a(libc_a-nano-svfprintf.o)
                0x0000000008006094                __ssputs_r
 .text._svfprintf_r
                0x0000000008006148      0x1fc C:/ST/STM32CubeIDE_1.13.1/STM32CubeIDE/plugins/com.st.stm32cube.ide.mcu.externaltools.gnu-tools-for-stm32.11.3.rel1.win32_1.1.0.202305231506/tools/bin/../lib/gcc/arm-none-eabi/11.3.1/../../../../arm-none-eabi/lib/thumb/v7-m/nofp\libc_nano.a(libc_a-nano-svfprintf.o)
                0x0000000008006148                _svfiprintf_r
                0x0000000008006148                _svfprintf_r
 .text._printf_common
                0x0000000008006344       0xe4 C:/ST/STM32CubeIDE_1.13.1/STM32CubeIDE/plugins/com.st.stm32cube.ide.mcu.externaltools.gnu-tools-for-stm32.11.3.rel1.win32_1.1.0.202305231506/tools/bin/../lib/gcc/arm-none-eabi/11.3.1/../../../../arm-none-eabi/lib/thumb/v7-m/nofp\libc_nano.a(libc_a-nano-vfprintf_i.o)
                0x0000000008006344                _printf_common
 .text._printf_i
                0x0000000008006428      0x244 C:/ST/STM32CubeIDE_1.13.1/STM32CubeIDE/plugins/com.st.stm32cube.ide.mcu.externaltools.gnu-tools-for-stm32.11.3.rel1.win32_1.1.0.202305231506/tools/bin/../lib/gcc/arm-none-eabi/11.3.1/../../../../arm-none-eabi/lib/thumb/v7-m/nofp\libc_nano.a(libc_a-nano-vfprintf_i.o)
                0x0000000008006428                _printf_i
 .text.memmove  0x000000000800666c       0x34 C:/ST/STM32CubeIDE_1.13.1/STM32CubeIDE/plugins/com.st.stm32cube.ide.mcu.externaltools.gnu-tools-for-stm32.11.3.rel1.win32_1.1.0.202305231506/tools/bin/../lib/gcc/arm-none-eabi/11.3.1/../../../../arm-none-eabi/lib/thumb/v7-m/nofp\libc_nano.a(libc_a-memmove.o)
                0x000000000800666c                memmove
 .text._sbrk_r  0x00000000080066a0       0x20 C:/ST/STM32CubeIDE_1.13.1/STM32CubeIDE/plugins/com.st.stm32cube.ide.mcu.externaltools.gnu-tools-for-stm32.11.3.rel1.win32_1.1.0.202305231506/tools/bin/../lib/gcc/arm-none-eabi/11.3.1/../../../../arm-none-eabi/lib/thumb/v7-m/nofp\libc_nano.a(libc_a-sbrkr.o)
                0x00000000080066a0                _sbrk_r
 .text.memchr   0x00000000080066c0       0x1c C:/ST/STM32CubeIDE_1.13.1/STM32CubeIDE/plugins/com.st.stm32cube.ide.mcu.externaltools.gnu-tools-for-stm32.11.3.rel1.win32_1.1.0.202305231506/tools/bin/../lib/gcc/arm-none-eabi/11.3.1/../../../../arm-none-eabi/lib/thumb/v7-m/nofp\libc_nano.a(libc_a-memchr-stub.o)
                0x00000000080066c0                memchr
 .text._realloc_r
                0x00000000080066dc       0x5e C:/ST/STM32CubeIDE_1.13.1/STM32CubeIDE/plugins/com.st.stm32cube.ide.mcu.externaltools.gnu-tools-for-stm32.11.3.rel1.win32_1.1.0.202305231506/tools/bin/../lib/gcc/arm-none-eabi/11.3.1/../../../../arm-none-eabi/lib/thumb/v7-m/nofp\libc_nano.a(libc_a-reallocr.o)
                0x00000000080066dc                _realloc_r
 .text._malloc_usable_size_r
                0x000000000800673a       0x10 C:/ST/STM32CubeIDE_1.13.1/STM32CubeIDE/plugins/com.st.stm32cube.ide.mcu.externaltools.gnu-tools-for-stm32.11.3.rel1.win32_1.1.0.202305231506/tools/bin/../lib/gcc/arm-none-eabi/11.3.1/../../../../arm-none-eabi/lib/thumb/v7-m/nofp\libc_nano.a(libc_a-msizer.o)
                0x000000000800673a                _malloc_usable_size_r
 *fill*         0x000000000800674a        0x2 
 .text._sbrk    0x000000000800674c       0x1c C:/ST/STM32CubeIDE_1.13.1/STM32CubeIDE/plugins/com.st.stm32cube.ide.mcu.externaltools.gnu-tools-for-stm32.11.3.rel1.win32_1.1.0.202305231506/tools/bin/../lib/gcc/arm-none-eabi/11.3.1/../../../../arm-none-eabi/lib/thumb/v7-m/nofp\libnosys.a(sbrk.o)
                0x000000000800674c                _sbrk
 *(.glue_7)
 .glue_7        0x0000000008006768        0x0 linker stubs
 *(.glue_7t)
 .glue_7t       0x0000000008006768        0x0 linker stubs
 *(.eh_frame)
 .eh_frame      0x0000000008006768        0x0 C:/ST/STM32CubeIDE_1.13.1/STM32CubeIDE/plugins/com.st.stm32cube.ide.mcu.externaltools.gnu-tools-for-stm32.11.3.rel1.win32_1.1.0.202305231506/tools/bin/../lib/gcc/arm-none-eabi/11.3.1/thumb/v7-m/nofp/crtbegin.o
 *(.init)
 .init          0x0000000008006768        0x4 C:/ST/STM32CubeIDE_1.13.1/STM32CubeIDE/plugins/com.st.stm32cube.ide.mcu.externaltools.gnu-tools-for-stm32.11.3.rel1.win32_1.1.0.202305231506/tools/bin/../lib/gcc/arm-none-eabi/11.3.1/thumb/v7-m/nofp/crti.o
                0x0000000008006768                _init
 .init          0x000000000800676c        0x8 C:/ST/STM32CubeIDE_1.13.1/STM32CubeIDE/plugins/com.st.stm32cube.ide.mcu.externaltools.gnu-tools-for-stm32.11.3.rel1.win32_1.1.0.202305231506/tools/bin/../lib/gcc/arm-none-eabi/11.3.1/thumb/v7-m/nofp/crtn.o
 *(.fini)
 .fini          0x0000000008006774        0x4 C:/ST/STM32CubeIDE_1.13.1/STM32CubeIDE/plugins/com.st.stm32cube.ide.mcu.externaltools.gnu-tools-for-stm32.11.3.rel1.win32_1.1.0.202305231506/tools/bin/../lib/gcc/arm-none-eabi/11.3.1/thumb/v7-m/nofp/crti.o
                0x0000000008006774                _fini
 .fini          0x0000000008006778        0x8 C:/ST/STM32CubeIDE_1.13.1/STM32CubeIDE/plugins/com.st.stm32cube.ide.mcu.externaltools.gnu-tools-for-stm32.11.3.rel1.win32_1.1.0.202305231506/tools/bin/../lib/gcc/arm-none-eabi/11.3.1/thumb/v7-m/nofp/crtn.o
                0x0000000008006780                . = ALIGN (0x4)
                0x0000000008006780                _etext = .

.vfp11_veneer   0x0000000008006780        0x0
 .vfp11_veneer  0x0000000008006780        0x0 linker stubs

.v4_bx          0x0000000008006780        0x0
 .v4_bx         0x0000000008006780        0x0 linker stubs

.iplt           0x0000000008006780        0x0
 .iplt          0x0000000008006780        0x0 C:/ST/STM32CubeIDE_1.13.1/STM32CubeIDE/plugins/com.st.stm32cube.ide.mcu.externaltools.gnu-tools-for-stm32.11.3.rel1.win32_1.1.0.202305231506/tools/bin/../lib/gcc/arm-none-eabi/11.3.1/thumb/v7-m/nofp/crtbegin.o

.rodata         0x0000000008006780      0x194
                0x0000000008006780                . = ALIGN (0x4)
 *(.rodata)
 .rodata        0x0000000008006780       0x2c ./Core/Src/main.o
 .rodata        0x00000000080067ac        0x5 ./ThirdParty/FreeRTOS/Source/tasks.o
 *fill*         0x00000000080067b1        0x3 
 .rodata        0x00000000080067b4        0xd ./ThirdParty/FreeRTOS/Source/timers.o
 *fill*         0x00000000080067c1        0x3 
 .rodata        0x00000000080067c4       0x41 ./ThirdParty/SEGGER/Config/SEGGER_SYSVIEW_Config_FreeRTOS.o
 *fill*         0x0000000008006805        0x3 
 .rodata        0x0000000008006808       0x58 ./ThirdParty/SEGGER/OS/SEGGER_SYSVIEW_FreeRTOS.o
 .rodata        0x0000000008006860        0x9 ./ThirdParty/SEGGER/SEGGER/SEGGER_RTT.o
 *fill*         0x0000000008006869        0x3 
 .rodata        0x000000000800686c       0x10 ./ThirdParty/SEGGER/SEGGER/SEGGER_SYSVIEW.o
 *(.rodata*)
 .rodata.AHBPrescTable
                0x000000000800687c       0x10 ./Core/Src/system_stm32f1xx.o
                0x000000000800687c                AHBPrescTable
 .rodata.APBPrescTable
                0x000000000800688c        0x8 ./Core/Src/system_stm32f1xx.o
                0x000000000800688c                APBPrescTable
 .rodata.aPLLMULFactorTable.1
                0x0000000008006894       0x10 ./Drivers/STM32F1xx_HAL_Driver/Src/stm32f1xx_hal_rcc.o
 .rodata.aPredivFactorTable.0
                0x00000000080068a4        0x2 ./Drivers/STM32F1xx_HAL_Driver/Src/stm32f1xx_hal_rcc.o
 *fill*         0x00000000080068a6        0x2 
 .rodata.SYSVIEW_X_OS_TraceAPI
                0x00000000080068a8        0x8 ./ThirdParty/SEGGER/OS/SEGGER_SYSVIEW_FreeRTOS.o
                0x00000000080068a8                SYSVIEW_X_OS_TraceAPI
 .rodata._aInitStr.0
                0x00000000080068b0       0x11 ./ThirdParty/SEGGER/SEGGER/SEGGER_RTT.o
 *fill*         0x00000000080068c1        0x3 
 .rodata._abSync
                0x00000000080068c4        0xa ./ThirdParty/SEGGER/SEGGER/SEGGER_SYSVIEW.o
 *fill*         0x00000000080068ce        0x2 
 .rodata._aV2C.0
                0x00000000080068d0       0x10 ./ThirdParty/SEGGER/SEGGER/SEGGER_SYSVIEW.o
 .rodata._svfprintf_r.str1.1
                0x00000000080068e0       0x11 C:/ST/STM32CubeIDE_1.13.1/STM32CubeIDE/plugins/com.st.stm32cube.ide.mcu.externaltools.gnu-tools-for-stm32.11.3.rel1.win32_1.1.0.202305231506/tools/bin/../lib/gcc/arm-none-eabi/11.3.1/../../../../arm-none-eabi/lib/thumb/v7-m/nofp\libc_nano.a(libc_a-nano-svfprintf.o)
 .rodata._printf_i.str1.1
                0x00000000080068f1       0x22 C:/ST/STM32CubeIDE_1.13.1/STM32CubeIDE/plugins/com.st.stm32cube.ide.mcu.externaltools.gnu-tools-for-stm32.11.3.rel1.win32_1.1.0.202305231506/tools/bin/../lib/gcc/arm-none-eabi/11.3.1/../../../../arm-none-eabi/lib/thumb/v7-m/nofp\libc_nano.a(libc_a-nano-vfprintf_i.o)
                0x0000000008006914                . = ALIGN (0x4)
 *fill*         0x0000000008006913        0x1 

.rel.dyn        0x0000000008006914        0x0
 .rel.iplt      0x0000000008006914        0x0 C:/ST/STM32CubeIDE_1.13.1/STM32CubeIDE/plugins/com.st.stm32cube.ide.mcu.externaltools.gnu-tools-for-stm32.11.3.rel1.win32_1.1.0.202305231506/tools/bin/../lib/gcc/arm-none-eabi/11.3.1/thumb/v7-m/nofp/crtbegin.o

.ARM.extab      0x0000000008006914        0x0
                0x0000000008006914                . = ALIGN (0x4)
 *(.ARM.extab* .gnu.linkonce.armextab.*)
                0x0000000008006914                . = ALIGN (0x4)

.ARM            0x0000000008006914        0x0
                0x0000000008006914                . = ALIGN (0x4)
                0x0000000008006914                __exidx_start = .
 *(.ARM.exidx*)
                0x0000000008006914                __exidx_end = .
                0x0000000008006914                . = ALIGN (0x4)

.preinit_array  0x0000000008006914        0x0
                0x0000000008006914                . = ALIGN (0x4)
                0x0000000008006914                PROVIDE (__preinit_array_start = .)
 *(.preinit_array*)
                0x0000000008006914                PROVIDE (__preinit_array_end = .)
                0x0000000008006914                . = ALIGN (0x4)

.init_array     0x0000000008006914        0x4
                0x0000000008006914                . = ALIGN (0x4)
                0x0000000008006914                PROVIDE (__init_array_start = .)
 *(SORT_BY_NAME(.init_array.*))
 *(.init_array*)
 .init_array    0x0000000008006914        0x4 C:/ST/STM32CubeIDE_1.13.1/STM32CubeIDE/plugins/com.st.stm32cube.ide.mcu.externaltools.gnu-tools-for-stm32.11.3.rel1.win32_1.1.0.202305231506/tools/bin/../lib/gcc/arm-none-eabi/11.3.1/thumb/v7-m/nofp/crtbegin.o
                0x0000000008006918                PROVIDE (__init_array_end = .)
                0x0000000008006918                . = ALIGN (0x4)

.fini_array     0x0000000008006918        0x4
                0x0000000008006918                . = ALIGN (0x4)
                [!provide]                        PROVIDE (__fini_array_start = .)
 *(SORT_BY_NAME(.fini_array.*))
 *(.fini_array*)
 .fini_array    0x0000000008006918        0x4 C:/ST/STM32CubeIDE_1.13.1/STM32CubeIDE/plugins/com.st.stm32cube.ide.mcu.externaltools.gnu-tools-for-stm32.11.3.rel1.win32_1.1.0.202305231506/tools/bin/../lib/gcc/arm-none-eabi/11.3.1/thumb/v7-m/nofp/crtbegin.o
                [!provide]                        PROVIDE (__fini_array_end = .)
                0x000000000800691c                . = ALIGN (0x4)
                0x000000000800691c                _sidata = LOADADDR (.data)

.data           0x0000000020000000       0x64 load address 0x000000000800691c
                0x0000000020000000                . = ALIGN (0x4)
                0x0000000020000000                _sdata = .
 *(.data)
 *(.data*)
 .data.SystemCoreClock
                0x0000000020000000        0x4 ./Core/Src/system_stm32f1xx.o
                0x0000000020000000                SystemCoreClock
 .data.uwTickPrio
                0x0000000020000004        0x4 ./Drivers/STM32F1xx_HAL_Driver/Src/stm32f1xx_hal.o
                0x0000000020000004                uwTickPrio
 .data.uwTickFreq
                0x0000000020000008        0x1 ./Drivers/STM32F1xx_HAL_Driver/Src/stm32f1xx_hal.o
                0x0000000020000008                uwTickFreq
 *fill*         0x0000000020000009        0x3 
 .data.uxTopUsedPriority
                0x000000002000000c        0x4 ./ThirdParty/FreeRTOS/Source/tasks.o
                0x000000002000000c                uxTopUsedPriority
 .data.uxCriticalNesting
                0x0000000020000010        0x4 ./ThirdParty/FreeRTOS/Source/portable/GCC/ARM_CM3/port.o
 .data._impure_data
                0x0000000020000014       0x4c C:/ST/STM32CubeIDE_1.13.1/STM32CubeIDE/plugins/com.st.stm32cube.ide.mcu.externaltools.gnu-tools-for-stm32.11.3.rel1.win32_1.1.0.202305231506/tools/bin/../lib/gcc/arm-none-eabi/11.3.1/../../../../arm-none-eabi/lib/thumb/v7-m/nofp\libc_nano.a(libc_a-impure.o)
                0x0000000020000014                _impure_data
 .data._impure_ptr
                0x0000000020000060        0x4 C:/ST/STM32CubeIDE_1.13.1/STM32CubeIDE/plugins/com.st.stm32cube.ide.mcu.externaltools.gnu-tools-for-stm32.11.3.rel1.win32_1.1.0.202305231506/tools/bin/../lib/gcc/arm-none-eabi/11.3.1/../../../../arm-none-eabi/lib/thumb/v7-m/nofp\libc_nano.a(libc_a-impure.o)
                0x0000000020000060                _impure_ptr
 *(.RamFunc)
 *(.RamFunc*)
                0x0000000020000064                . = ALIGN (0x4)
                0x0000000020000064                _edata = .

.igot.plt       0x0000000020000064        0x0 load address 0x0000000008006980
 .igot.plt      0x0000000020000064        0x0 C:/ST/STM32CubeIDE_1.13.1/STM32CubeIDE/plugins/com.st.stm32cube.ide.mcu.externaltools.gnu-tools-for-stm32.11.3.rel1.win32_1.1.0.202305231506/tools/bin/../lib/gcc/arm-none-eabi/11.3.1/thumb/v7-m/nofp/crtbegin.o
                0x0000000020000064                . = ALIGN (0x4)

.bss            0x0000000020000064     0x41d0 load address 0x0000000008006980
                0x0000000020000064                _sbss = .
                0x0000000020000064                __bss_start__ = _sbss
 *(.bss)
 .bss           0x0000000020000064       0x1c C:/ST/STM32CubeIDE_1.13.1/STM32CubeIDE/plugins/com.st.stm32cube.ide.mcu.externaltools.gnu-tools-for-stm32.11.3.rel1.win32_1.1.0.202305231506/tools/bin/../lib/gcc/arm-none-eabi/11.3.1/thumb/v7-m/nofp/crtbegin.o
 *(.bss*)
 .bss.htim1     0x0000000020000080       0x48 ./Core/Src/stm32f1xx_hal_timebase_tim.o
                0x0000000020000080                htim1
 .bss.uwTick    0x00000000200000c8        0x4 ./Drivers/STM32F1xx_HAL_Driver/Src/stm32f1xx_hal.o
                0x00000000200000c8                uwTick
 .bss.xQueueRegistry
                0x00000000200000cc       0x40 ./ThirdParty/FreeRTOS/Source/queue.o
                0x00000000200000cc                xQueueRegistry
 .bss.pxCurrentTCB
                0x000000002000010c        0x4 ./ThirdParty/FreeRTOS/Source/tasks.o
                0x000000002000010c                pxCurrentTCB
 .bss.pxReadyTasksLists
                0x0000000020000110       0x64 ./ThirdParty/FreeRTOS/Source/tasks.o
 .bss.xDelayedTaskList1
                0x0000000020000174       0x14 ./ThirdParty/FreeRTOS/Source/tasks.o
 .bss.xDelayedTaskList2
                0x0000000020000188       0x14 ./ThirdParty/FreeRTOS/Source/tasks.o
 .bss.pxDelayedTaskList
                0x000000002000019c        0x4 ./ThirdParty/FreeRTOS/Source/tasks.o
 .bss.pxOverflowDelayedTaskList
                0x00000000200001a0        0x4 ./ThirdParty/FreeRTOS/Source/tasks.o
 .bss.xPendingReadyList
                0x00000000200001a4       0x14 ./ThirdParty/FreeRTOS/Source/tasks.o
 .bss.xTasksWaitingTermination
                0x00000000200001b8       0x14 ./ThirdParty/FreeRTOS/Source/tasks.o
 .bss.uxDeletedTasksWaitingCleanUp
                0x00000000200001cc        0x4 ./ThirdParty/FreeRTOS/Source/tasks.o
 .bss.xSuspendedTaskList
                0x00000000200001d0       0x14 ./ThirdParty/FreeRTOS/Source/tasks.o
 .bss.uxCurrentNumberOfTasks
                0x00000000200001e4        0x4 ./ThirdParty/FreeRTOS/Source/tasks.o
 .bss.xTickCount
                0x00000000200001e8        0x4 ./ThirdParty/FreeRTOS/Source/tasks.o
 .bss.uxTopReadyPriority
                0x00000000200001ec        0x4 ./ThirdParty/FreeRTOS/Source/tasks.o
 .bss.xSchedulerRunning
                0x00000000200001f0        0x4 ./ThirdParty/FreeRTOS/Source/tasks.o
 .bss.xPendedTicks
                0x00000000200001f4        0x4 ./ThirdParty/FreeRTOS/Source/tasks.o
 .bss.xYieldPending
                0x00000000200001f8        0x4 ./ThirdParty/FreeRTOS/Source/tasks.o
 .bss.xNumOfOverflows
                0x00000000200001fc        0x4 ./ThirdParty/FreeRTOS/Source/tasks.o
 .bss.uxTaskNumber
                0x0000000020000200        0x4 ./ThirdParty/FreeRTOS/Source/tasks.o
 .bss.xNextTaskUnblockTime
                0x0000000020000204        0x4 ./ThirdParty/FreeRTOS/Source/tasks.o
 .bss.xIdleTaskHandle
                0x0000000020000208        0x4 ./ThirdParty/FreeRTOS/Source/tasks.o
 .bss.uxSchedulerSuspended
                0x000000002000020c        0x4 ./ThirdParty/FreeRTOS/Source/tasks.o
 .bss.xActiveTimerList1
                0x0000000020000210       0x14 ./ThirdParty/FreeRTOS/Source/timers.o
 .bss.xActiveTimerList2
                0x0000000020000224       0x14 ./ThirdParty/FreeRTOS/Source/timers.o
 .bss.pxCurrentTimerList
                0x0000000020000238        0x4 ./ThirdParty/FreeRTOS/Source/timers.o
 .bss.pxOverflowTimerList
                0x000000002000023c        0x4 ./ThirdParty/FreeRTOS/Source/timers.o
 .bss.xTimerQueue
                0x0000000020000240        0x4 ./ThirdParty/FreeRTOS/Source/timers.o
 .bss.xTimerTaskHandle
                0x0000000020000244        0x4 ./ThirdParty/FreeRTOS/Source/timers.o
 .bss.xLastTime.0
                0x0000000020000248        0x4 ./ThirdParty/FreeRTOS/Source/timers.o
 .bss.ucMaxSysCallPriority
                0x000000002000024c        0x1 ./ThirdParty/FreeRTOS/Source/portable/GCC/ARM_CM3/port.o
 *fill*         0x000000002000024d        0x3 
 .bss.ulMaxPRIGROUPValue
                0x0000000020000250        0x4 ./ThirdParty/FreeRTOS/Source/portable/GCC/ARM_CM3/port.o
 .bss.ucHeap    0x0000000020000254     0x2800 ./ThirdParty/FreeRTOS/Source/portable/MemMang/heap_4.o
 .bss.xStart    0x0000000020002a54        0x8 ./ThirdParty/FreeRTOS/Source/portable/MemMang/heap_4.o
 .bss.pxEnd     0x0000000020002a5c        0x4 ./ThirdParty/FreeRTOS/Source/portable/MemMang/heap_4.o
 .bss.xFreeBytesRemaining
                0x0000000020002a60        0x4 ./ThirdParty/FreeRTOS/Source/portable/MemMang/heap_4.o
 .bss.xMinimumEverFreeBytesRemaining
                0x0000000020002a64        0x4 ./ThirdParty/FreeRTOS/Source/portable/MemMang/heap_4.o
 .bss.xNumberOfSuccessfulAllocations
                0x0000000020002a68        0x4 ./ThirdParty/FreeRTOS/Source/portable/MemMang/heap_4.o
 .bss.xNumberOfSuccessfulFrees
                0x0000000020002a6c        0x4 ./ThirdParty/FreeRTOS/Source/portable/MemMang/heap_4.o
 .bss._aTasks   0x0000000020002a70       0xa0 ./ThirdParty/SEGGER/OS/SEGGER_SYSVIEW_FreeRTOS.o
 .bss._NumTasks
                0x0000000020002b10        0x4 ./ThirdParty/SEGGER/OS/SEGGER_SYSVIEW_FreeRTOS.o
 .bss._SEGGER_RTT
                0x0000000020002b14       0xa8 ./ThirdParty/SEGGER/SEGGER/SEGGER_RTT.o
                0x0000000020002b14                _SEGGER_RTT
 .bss._acUpBuffer
                0x0000000020002bbc      0x400 ./ThirdParty/SEGGER/SEGGER/SEGGER_RTT.o
 .bss._acDownBuffer
                0x0000000020002fbc       0x10 ./ThirdParty/SEGGER/SEGGER/SEGGER_RTT.o
 .bss._UpBuffer
                0x0000000020002fcc     0x1000 ./ThirdParty/SEGGER/SEGGER/SEGGER_SYSVIEW.o
 .bss._DownBuffer
                0x0000000020003fcc        0x8 ./ThirdParty/SEGGER/SEGGER/SEGGER_SYSVIEW.o
 .bss._SYSVIEW_Globals
                0x0000000020003fd4       0x28 ./ThirdParty/SEGGER/SEGGER/SEGGER_SYSVIEW.o
 .bss._pFirstModule
                0x0000000020003ffc        0x4 ./ThirdParty/SEGGER/SEGGER/SEGGER_SYSVIEW.o
 .bss._NumModules
                0x0000000020004000        0x1 ./ThirdParty/SEGGER/SEGGER/SEGGER_SYSVIEW.o
 *fill*         0x0000000020004001        0x3 
 .bss._aPacket  0x0000000020004004       0xe3 ./ThirdParty/SEGGER/SEGGER/SEGGER_SYSVIEW.o
 *fill*         0x00000000200040e7        0x1 
 .bss.__sf      0x00000000200040e8      0x138 C:/ST/STM32CubeIDE_1.13.1/STM32CubeIDE/plugins/com.st.stm32cube.ide.mcu.externaltools.gnu-tools-for-stm32.11.3.rel1.win32_1.1.0.202305231506/tools/bin/../lib/gcc/arm-none-eabi/11.3.1/../../../../arm-none-eabi/lib/thumb/v7-m/nofp\libc_nano.a(libc_a-findfp.o)
                0x00000000200040e8                __sf
 .bss.errno     0x0000000020004220        0x4 C:/ST/STM32CubeIDE_1.13.1/STM32CubeIDE/plugins/com.st.stm32cube.ide.mcu.externaltools.gnu-tools-for-stm32.11.3.rel1.win32_1.1.0.202305231506/tools/bin/../lib/gcc/arm-none-eabi/11.3.1/../../../../arm-none-eabi/lib/thumb/v7-m/nofp\libc_nano.a(libc_a-reent.o)
                0x0000000020004220                errno
 .bss.__lock___malloc_recursive_mutex
                0x0000000020004224        0x1 C:/ST/STM32CubeIDE_1.13.1/STM32CubeIDE/plugins/com.st.stm32cube.ide.mcu.externaltools.gnu-tools-for-stm32.11.3.rel1.win32_1.1.0.202305231506/tools/bin/../lib/gcc/arm-none-eabi/11.3.1/../../../../arm-none-eabi/lib/thumb/v7-m/nofp\libc_nano.a(libc_a-lock.o)
                0x0000000020004224                __lock___malloc_recursive_mutex
 *fill*         0x0000000020004225        0x3 
 .bss.__malloc_free_list
                0x0000000020004228        0x4 C:/ST/STM32CubeIDE_1.13.1/STM32CubeIDE/plugins/com.st.stm32cube.ide.mcu.externaltools.gnu-tools-for-stm32.11.3.rel1.win32_1.1.0.202305231506/tools/bin/../lib/gcc/arm-none-eabi/11.3.1/../../../../arm-none-eabi/lib/thumb/v7-m/nofp\libc_nano.a(libc_a-mallocr.o)
                0x0000000020004228                __malloc_free_list
 .bss.__malloc_sbrk_start
                0x000000002000422c        0x4 C:/ST/STM32CubeIDE_1.13.1/STM32CubeIDE/plugins/com.st.stm32cube.ide.mcu.externaltools.gnu-tools-for-stm32.11.3.rel1.win32_1.1.0.202305231506/tools/bin/../lib/gcc/arm-none-eabi/11.3.1/../../../../arm-none-eabi/lib/thumb/v7-m/nofp\libc_nano.a(libc_a-mallocr.o)
                0x000000002000422c                __malloc_sbrk_start
 .bss.heap_end.0
                0x0000000020004230        0x4 C:/ST/STM32CubeIDE_1.13.1/STM32CubeIDE/plugins/com.st.stm32cube.ide.mcu.externaltools.gnu-tools-for-stm32.11.3.rel1.win32_1.1.0.202305231506/tools/bin/../lib/gcc/arm-none-eabi/11.3.1/../../../../arm-none-eabi/lib/thumb/v7-m/nofp\libnosys.a(sbrk.o)
 *(COMMON)
                0x0000000020004234                . = ALIGN (0x4)
                0x0000000020004234                _ebss = .
                0x0000000020004234                __bss_end__ = _ebss

._user_heap_stack
                0x0000000020004234      0x604 load address 0x0000000008006980
                0x0000000020004238                . = ALIGN (0x8)
 *fill*         0x0000000020004234        0x4 
                0x0000000020004238                PROVIDE (end = .)
                [!provide]                        PROVIDE (_end = .)
                0x0000000020004438                . = (. + _Min_Heap_Size)
 *fill*         0x0000000020004238      0x200 
                0x0000000020004838                . = (. + _Min_Stack_Size)
 *fill*         0x0000000020004438      0x400 
                0x0000000020004838                . = ALIGN (0x8)

/DISCARD/
 libc.a(*)
 libm.a(*)
 libgcc.a(*)

.ARM.attributes
                0x0000000000000000       0x29
 *(.ARM.attributes)
 .ARM.attributes
                0x0000000000000000       0x1d C:/ST/STM32CubeIDE_1.13.1/STM32CubeIDE/plugins/com.st.stm32cube.ide.mcu.externaltools.gnu-tools-for-stm32.11.3.rel1.win32_1.1.0.202305231506/tools/bin/../lib/gcc/arm-none-eabi/11.3.1/thumb/v7-m/nofp/crti.o
 .ARM.attributes
                0x000000000000001d       0x2d C:/ST/STM32CubeIDE_1.13.1/STM32CubeIDE/plugins/com.st.stm32cube.ide.mcu.externaltools.gnu-tools-for-stm32.11.3.rel1.win32_1.1.0.202305231506/tools/bin/../lib/gcc/arm-none-eabi/11.3.1/thumb/v7-m/nofp/crtbegin.o
 .ARM.attributes
                0x000000000000004a       0x2d ./Core/Src/main.o
 .ARM.attributes
                0x0000000000000077       0x2d ./Core/Src/stm32f1xx_hal_msp.o
 .ARM.attributes
                0x00000000000000a4       0x2d ./Core/Src/stm32f1xx_hal_timebase_tim.o
 .ARM.attributes
                0x00000000000000d1       0x2d ./Core/Src/stm32f1xx_it.o
 .ARM.attributes
                0x00000000000000fe       0x2d ./Core/Src/system_stm32f1xx.o
 .ARM.attributes
                0x000000000000012b       0x21 ./Core/Startup/startup_stm32f103c8tx.o
 .ARM.attributes
                0x000000000000014c       0x2d ./Drivers/STM32F1xx_HAL_Driver/Src/stm32f1xx_hal.o
 .ARM.attributes
                0x0000000000000179       0x2d ./Drivers/STM32F1xx_HAL_Driver/Src/stm32f1xx_hal_cortex.o
 .ARM.attributes
                0x00000000000001a6       0x2d ./Drivers/STM32F1xx_HAL_Driver/Src/stm32f1xx_hal_gpio.o
 .ARM.attributes
                0x00000000000001d3       0x2d ./Drivers/STM32F1xx_HAL_Driver/Src/stm32f1xx_hal_rcc.o
 .ARM.attributes
                0x0000000000000200       0x2d ./Drivers/STM32F1xx_HAL_Driver/Src/stm32f1xx_hal_tim.o
 .ARM.attributes
                0x000000000000022d       0x2d ./Drivers/STM32F1xx_HAL_Driver/Src/stm32f1xx_hal_tim_ex.o
 .ARM.attributes
                0x000000000000025a       0x2d ./ThirdParty/FreeRTOS/Source/list.o
 .ARM.attributes
                0x0000000000000287       0x2d ./ThirdParty/FreeRTOS/Source/queue.o
 .ARM.attributes
                0x00000000000002b4       0x2d ./ThirdParty/FreeRTOS/Source/tasks.o
 .ARM.attributes
                0x00000000000002e1       0x2d ./ThirdParty/FreeRTOS/Source/timers.o
 .ARM.attributes
                0x000000000000030e       0x2d ./ThirdParty/FreeRTOS/Source/portable/GCC/ARM_CM3/port.o
 .ARM.attributes
                0x000000000000033b       0x2d ./ThirdParty/FreeRTOS/Source/portable/MemMang/heap_4.o
 .ARM.attributes
                0x0000000000000368       0x2d ./ThirdParty/SEGGER/Config/SEGGER_SYSVIEW_Config_FreeRTOS.o
 .ARM.attributes
                0x0000000000000395       0x2d ./ThirdParty/SEGGER/OS/SEGGER_SYSVIEW_FreeRTOS.o
 .ARM.attributes
                0x00000000000003c2       0x2d ./ThirdParty/SEGGER/SEGGER/SEGGER_RTT.o
 .ARM.attributes
                0x00000000000003ef       0x1b ./ThirdParty/SEGGER/SEGGER/SEGGER_RTT_ASM_ARMv7M.o
 .ARM.attributes
                0x000000000000040a       0x2d ./ThirdParty/SEGGER/SEGGER/SEGGER_SYSVIEW.o
 .ARM.attributes
                0x0000000000000437       0x2d C:/ST/STM32CubeIDE_1.13.1/STM32CubeIDE/plugins/com.st.stm32cube.ide.mcu.externaltools.gnu-tools-for-stm32.11.3.rel1.win32_1.1.0.202305231506/tools/bin/../lib/gcc/arm-none-eabi/11.3.1/../../../../arm-none-eabi/lib/thumb/v7-m/nofp\libc_nano.a(libc_a-findfp.o)
 .ARM.attributes
                0x0000000000000464       0x2d C:/ST/STM32CubeIDE_1.13.1/STM32CubeIDE/plugins/com.st.stm32cube.ide.mcu.externaltools.gnu-tools-for-stm32.11.3.rel1.win32_1.1.0.202305231506/tools/bin/../lib/gcc/arm-none-eabi/11.3.1/../../../../arm-none-eabi/lib/thumb/v7-m/nofp\libc_nano.a(libc_a-snprintf.o)
 .ARM.attributes
                0x0000000000000491       0x2d C:/ST/STM32CubeIDE_1.13.1/STM32CubeIDE/plugins/com.st.stm32cube.ide.mcu.externaltools.gnu-tools-for-stm32.11.3.rel1.win32_1.1.0.202305231506/tools/bin/../lib/gcc/arm-none-eabi/11.3.1/../../../../arm-none-eabi/lib/thumb/v7-m/nofp\libc_nano.a(libc_a-memcmp.o)
 .ARM.attributes
                0x00000000000004be       0x2d C:/ST/STM32CubeIDE_1.13.1/STM32CubeIDE/plugins/com.st.stm32cube.ide.mcu.externaltools.gnu-tools-for-stm32.11.3.rel1.win32_1.1.0.202305231506/tools/bin/../lib/gcc/arm-none-eabi/11.3.1/../../../../arm-none-eabi/lib/thumb/v7-m/nofp\libc_nano.a(libc_a-memset.o)
 .ARM.attributes
                0x00000000000004eb       0x2d C:/ST/STM32CubeIDE_1.13.1/STM32CubeIDE/plugins/com.st.stm32cube.ide.mcu.externaltools.gnu-tools-for-stm32.11.3.rel1.win32_1.1.0.202305231506/tools/bin/../lib/gcc/arm-none-eabi/11.3.1/../../../../arm-none-eabi/lib/thumb/v7-m/nofp\libc_nano.a(libc_a-reent.o)
 .ARM.attributes
                0x0000000000000518       0x2d C:/ST/STM32CubeIDE_1.13.1/STM32CubeIDE/plugins/com.st.stm32cube.ide.mcu.externaltools.gnu-tools-for-stm32.11.3.rel1.win32_1.1.0.202305231506/tools/bin/../lib/gcc/arm-none-eabi/11.3.1/../../../../arm-none-eabi/lib/thumb/v7-m/nofp\libc_nano.a(libc_a-impure.o)
 .ARM.attributes
                0x0000000000000545       0x2d C:/ST/STM32CubeIDE_1.13.1/STM32CubeIDE/plugins/com.st.stm32cube.ide.mcu.externaltools.gnu-tools-for-stm32.11.3.rel1.win32_1.1.0.202305231506/tools/bin/../lib/gcc/arm-none-eabi/11.3.1/../../../../arm-none-eabi/lib/thumb/v7-m/nofp\libc_nano.a(libc_a-init.o)
 .ARM.attributes
                0x0000000000000572       0x2d C:/ST/STM32CubeIDE_1.13.1/STM32CubeIDE/plugins/com.st.stm32cube.ide.mcu.externaltools.gnu-tools-for-stm32.11.3.rel1.win32_1.1.0.202305231506/tools/bin/../lib/gcc/arm-none-eabi/11.3.1/../../../../arm-none-eabi/lib/thumb/v7-m/nofp\libc_nano.a(libc_a-lock.o)
 .ARM.attributes
                0x000000000000059f       0x2d C:/ST/STM32CubeIDE_1.13.1/STM32CubeIDE/plugins/com.st.stm32cube.ide.mcu.externaltools.gnu-tools-for-stm32.11.3.rel1.win32_1.1.0.202305231506/tools/bin/../lib/gcc/arm-none-eabi/11.3.1/../../../../arm-none-eabi/lib/thumb/v7-m/nofp\libc_nano.a(libc_a-memcpy-stub.o)
 .ARM.attributes
                0x00000000000005cc       0x2d C:/ST/STM32CubeIDE_1.13.1/STM32CubeIDE/plugins/com.st.stm32cube.ide.mcu.externaltools.gnu-tools-for-stm32.11.3.rel1.win32_1.1.0.202305231506/tools/bin/../lib/gcc/arm-none-eabi/11.3.1/../../../../arm-none-eabi/lib/thumb/v7-m/nofp\libc_nano.a(libc_a-freer.o)
 .ARM.attributes
                0x00000000000005f9       0x2d C:/ST/STM32CubeIDE_1.13.1/STM32CubeIDE/plugins/com.st.stm32cube.ide.mcu.externaltools.gnu-tools-for-stm32.11.3.rel1.win32_1.1.0.202305231506/tools/bin/../lib/gcc/arm-none-eabi/11.3.1/../../../../arm-none-eabi/lib/thumb/v7-m/nofp\libc_nano.a(libc_a-mallocr.o)
 .ARM.attributes
                0x0000000000000626       0x2d C:/ST/STM32CubeIDE_1.13.1/STM32CubeIDE/plugins/com.st.stm32cube.ide.mcu.externaltools.gnu-tools-for-stm32.11.3.rel1.win32_1.1.0.202305231506/tools/bin/../lib/gcc/arm-none-eabi/11.3.1/../../../../arm-none-eabi/lib/thumb/v7-m/nofp\libc_nano.a(libc_a-mlock.o)
 .ARM.attributes
                0x0000000000000653       0x2d C:/ST/STM32CubeIDE_1.13.1/STM32CubeIDE/plugins/com.st.stm32cube.ide.mcu.externaltools.gnu-tools-for-stm32.11.3.rel1.win32_1.1.0.202305231506/tools/bin/../lib/gcc/arm-none-eabi/11.3.1/../../../../arm-none-eabi/lib/thumb/v7-m/nofp\libc_nano.a(libc_a-nano-svfprintf.o)
 .ARM.attributes
                0x0000000000000680       0x2d C:/ST/STM32CubeIDE_1.13.1/STM32CubeIDE/plugins/com.st.stm32cube.ide.mcu.externaltools.gnu-tools-for-stm32.11.3.rel1.win32_1.1.0.202305231506/tools/bin/../lib/gcc/arm-none-eabi/11.3.1/../../../../arm-none-eabi/lib/thumb/v7-m/nofp\libc_nano.a(libc_a-nano-vfprintf_i.o)
 .ARM.attributes
                0x00000000000006ad       0x2d C:/ST/STM32CubeIDE_1.13.1/STM32CubeIDE/plugins/com.st.stm32cube.ide.mcu.externaltools.gnu-tools-for-stm32.11.3.rel1.win32_1.1.0.202305231506/tools/bin/../lib/gcc/arm-none-eabi/11.3.1/../../../../arm-none-eabi/lib/thumb/v7-m/nofp\libc_nano.a(libc_a-memmove.o)
 .ARM.attributes
                0x00000000000006da       0x2d C:/ST/STM32CubeIDE_1.13.1/STM32CubeIDE/plugins/com.st.stm32cube.ide.mcu.externaltools.gnu-tools-for-stm32.11.3.rel1.win32_1.1.0.202305231506/tools/bin/../lib/gcc/arm-none-eabi/11.3.1/../../../../arm-none-eabi/lib/thumb/v7-m/nofp\libc_nano.a(libc_a-sbrkr.o)
 .ARM.attributes
                0x0000000000000707       0x2d C:/ST/STM32CubeIDE_1.13.1/STM32CubeIDE/plugins/com.st.stm32cube.ide.mcu.externaltools.gnu-tools-for-stm32.11.3.rel1.win32_1.1.0.202305231506/tools/bin/../lib/gcc/arm-none-eabi/11.3.1/../../../../arm-none-eabi/lib/thumb/v7-m/nofp\libc_nano.a(libc_a-memchr-stub.o)
 .ARM.attributes
                0x0000000000000734       0x2d C:/ST/STM32CubeIDE_1.13.1/STM32CubeIDE/plugins/com.st.stm32cube.ide.mcu.externaltools.gnu-tools-for-stm32.11.3.rel1.win32_1.1.0.202305231506/tools/bin/../lib/gcc/arm-none-eabi/11.3.1/../../../../arm-none-eabi/lib/thumb/v7-m/nofp\libc_nano.a(libc_a-reallocr.o)
 .ARM.attributes
                0x0000000000000761       0x2d C:/ST/STM32CubeIDE_1.13.1/STM32CubeIDE/plugins/com.st.stm32cube.ide.mcu.externaltools.gnu-tools-for-stm32.11.3.rel1.win32_1.1.0.202305231506/tools/bin/../lib/gcc/arm-none-eabi/11.3.1/../../../../arm-none-eabi/lib/thumb/v7-m/nofp\libc_nano.a(libc_a-msizer.o)
 .ARM.attributes
                0x000000000000078e       0x2d C:/ST/STM32CubeIDE_1.13.1/STM32CubeIDE/plugins/com.st.stm32cube.ide.mcu.externaltools.gnu-tools-for-stm32.11.3.rel1.win32_1.1.0.202305231506/tools/bin/../lib/gcc/arm-none-eabi/11.3.1/../../../../arm-none-eabi/lib/thumb/v7-m/nofp\libnosys.a(sbrk.o)
 .ARM.attributes
                0x00000000000007bb       0x1d C:/ST/STM32CubeIDE_1.13.1/STM32CubeIDE/plugins/com.st.stm32cube.ide.mcu.externaltools.gnu-tools-for-stm32.11.3.rel1.win32_1.1.0.202305231506/tools/bin/../lib/gcc/arm-none-eabi/11.3.1/thumb/v7-m/nofp/crtn.o
OUTPUT(FreeRTOS_EX1.elf elf32-littlearm)
LOAD linker stubs
LOAD C:/ST/STM32CubeIDE_1.13.1/STM32CubeIDE/plugins/com.st.stm32cube.ide.mcu.externaltools.gnu-tools-for-stm32.11.3.rel1.win32_1.1.0.202305231506/tools/bin/../lib/gcc/arm-none-eabi/11.3.1/../../../../arm-none-eabi/lib/thumb/v7-m/nofp\libc.a
LOAD C:/ST/STM32CubeIDE_1.13.1/STM32CubeIDE/plugins/com.st.stm32cube.ide.mcu.externaltools.gnu-tools-for-stm32.11.3.rel1.win32_1.1.0.202305231506/tools/bin/../lib/gcc/arm-none-eabi/11.3.1/../../../../arm-none-eabi/lib/thumb/v7-m/nofp\libm.a
LOAD C:/ST/STM32CubeIDE_1.13.1/STM32CubeIDE/plugins/com.st.stm32cube.ide.mcu.externaltools.gnu-tools-for-stm32.11.3.rel1.win32_1.1.0.202305231506/tools/bin/../lib/gcc/arm-none-eabi/11.3.1/thumb/v7-m/nofp\libgcc.a

.comment        0x0000000000000000       0x43
 .comment       0x0000000000000000       0x43 C:/ST/STM32CubeIDE_1.13.1/STM32CubeIDE/plugins/com.st.stm32cube.ide.mcu.externaltools.gnu-tools-for-stm32.11.3.rel1.win32_1.1.0.202305231506/tools/bin/../lib/gcc/arm-none-eabi/11.3.1/thumb/v7-m/nofp/crtbegin.o
                                         0x44 (size before relaxing)
 .comment       0x0000000000000043       0x44 ./Core/Src/main.o
 .comment       0x0000000000000043       0x44 ./Core/Src/stm32f1xx_hal_msp.o
 .comment       0x0000000000000043       0x44 ./Core/Src/stm32f1xx_hal_timebase_tim.o
 .comment       0x0000000000000043       0x44 ./Core/Src/stm32f1xx_it.o
 .comment       0x0000000000000043       0x44 ./Core/Src/system_stm32f1xx.o
 .comment       0x0000000000000043       0x44 ./Drivers/STM32F1xx_HAL_Driver/Src/stm32f1xx_hal.o
 .comment       0x0000000000000043       0x44 ./Drivers/STM32F1xx_HAL_Driver/Src/stm32f1xx_hal_cortex.o
 .comment       0x0000000000000043       0x44 ./Drivers/STM32F1xx_HAL_Driver/Src/stm32f1xx_hal_gpio.o
 .comment       0x0000000000000043       0x44 ./Drivers/STM32F1xx_HAL_Driver/Src/stm32f1xx_hal_rcc.o
 .comment       0x0000000000000043       0x44 ./Drivers/STM32F1xx_HAL_Driver/Src/stm32f1xx_hal_tim.o
 .comment       0x0000000000000043       0x44 ./Drivers/STM32F1xx_HAL_Driver/Src/stm32f1xx_hal_tim_ex.o
 .comment       0x0000000000000043       0x44 ./ThirdParty/FreeRTOS/Source/list.o
 .comment       0x0000000000000043       0x44 ./ThirdParty/FreeRTOS/Source/queue.o
 .comment       0x0000000000000043       0x44 ./ThirdParty/FreeRTOS/Source/tasks.o
 .comment       0x0000000000000043       0x44 ./ThirdParty/FreeRTOS/Source/timers.o
 .comment       0x0000000000000043       0x44 ./ThirdParty/FreeRTOS/Source/portable/GCC/ARM_CM3/port.o
 .comment       0x0000000000000043       0x44 ./ThirdParty/FreeRTOS/Source/portable/MemMang/heap_4.o
 .comment       0x0000000000000043       0x44 ./ThirdParty/SEGGER/Config/SEGGER_SYSVIEW_Config_FreeRTOS.o
 .comment       0x0000000000000043       0x44 ./ThirdParty/SEGGER/OS/SEGGER_SYSVIEW_FreeRTOS.o
 .comment       0x0000000000000043       0x44 ./ThirdParty/SEGGER/SEGGER/SEGGER_RTT.o
 .comment       0x0000000000000043       0x44 ./ThirdParty/SEGGER/SEGGER/SEGGER_SYSVIEW.o

.debug_info     0x0000000000000000    0x12de0
 .debug_info    0x0000000000000000      0xc3e ./Core/Src/main.o
 .debug_info    0x0000000000000c3e      0x200 ./Core/Src/stm32f1xx_hal_msp.o
 .debug_info    0x0000000000000e3e      0x99a ./Core/Src/stm32f1xx_hal_timebase_tim.o
 .debug_info    0x00000000000017d8      0x66a ./Core/Src/stm32f1xx_it.o
 .debug_info    0x0000000000001e42      0x222 ./Core/Src/system_stm32f1xx.o
 .debug_info    0x0000000000002064       0x23 ./Core/Startup/startup_stm32f103c8tx.o
 .debug_info    0x0000000000002087      0x704 ./Drivers/STM32F1xx_HAL_Driver/Src/stm32f1xx_hal.o
 .debug_info    0x000000000000278b      0xa87 ./Drivers/STM32F1xx_HAL_Driver/Src/stm32f1xx_hal_cortex.o
 .debug_info    0x0000000000003212      0x5ab ./Drivers/STM32F1xx_HAL_Driver/Src/stm32f1xx_hal_gpio.o
 .debug_info    0x00000000000037bd      0x7d5 ./Drivers/STM32F1xx_HAL_Driver/Src/stm32f1xx_hal_rcc.o
 .debug_info    0x0000000000003f92     0x293b ./Drivers/STM32F1xx_HAL_Driver/Src/stm32f1xx_hal_tim.o
 .debug_info    0x00000000000068cd     0x149b ./Drivers/STM32F1xx_HAL_Driver/Src/stm32f1xx_hal_tim_ex.o
 .debug_info    0x0000000000007d68      0x2af ./ThirdParty/FreeRTOS/Source/list.o
 .debug_info    0x0000000000008017     0x18ec ./ThirdParty/FreeRTOS/Source/queue.o
 .debug_info    0x0000000000009903     0x25ec ./ThirdParty/FreeRTOS/Source/tasks.o
 .debug_info    0x000000000000beef      0xe20 ./ThirdParty/FreeRTOS/Source/timers.o
 .debug_info    0x000000000000cd0f      0x553 ./ThirdParty/FreeRTOS/Source/portable/GCC/ARM_CM3/port.o
 .debug_info    0x000000000000d262      0x521 ./ThirdParty/FreeRTOS/Source/portable/MemMang/heap_4.o
 .debug_info    0x000000000000d783      0x176 ./ThirdParty/SEGGER/Config/SEGGER_SYSVIEW_Config_FreeRTOS.o
 .debug_info    0x000000000000d8f9      0x40e ./ThirdParty/SEGGER/OS/SEGGER_SYSVIEW_FreeRTOS.o
 .debug_info    0x000000000000dd07     0x14d5 ./ThirdParty/SEGGER/SEGGER/SEGGER_RTT.o
 .debug_info    0x000000000000f1dc       0x25 ./ThirdParty/SEGGER/SEGGER/SEGGER_RTT_ASM_ARMv7M.o
 .debug_info    0x000000000000f201     0x3bdf ./ThirdParty/SEGGER/SEGGER/SEGGER_SYSVIEW.o

.debug_abbrev   0x0000000000000000     0x2e38
 .debug_abbrev  0x0000000000000000      0x2db ./Core/Src/main.o
 .debug_abbrev  0x00000000000002db       0xee ./Core/Src/stm32f1xx_hal_msp.o
 .debug_abbrev  0x00000000000003c9      0x1f3 ./Core/Src/stm32f1xx_hal_timebase_tim.o
 .debug_abbrev  0x00000000000005bc      0x17c ./Core/Src/stm32f1xx_it.o
 .debug_abbrev  0x0000000000000738      0x13f ./Core/Src/system_stm32f1xx.o
 .debug_abbrev  0x0000000000000877       0x12 ./Core/Startup/startup_stm32f103c8tx.o
 .debug_abbrev  0x0000000000000889      0x201 ./Drivers/STM32F1xx_HAL_Driver/Src/stm32f1xx_hal.o
 .debug_abbrev  0x0000000000000a8a      0x2f8 ./Drivers/STM32F1xx_HAL_Driver/Src/stm32f1xx_hal_cortex.o
 .debug_abbrev  0x0000000000000d82      0x1ca ./Drivers/STM32F1xx_HAL_Driver/Src/stm32f1xx_hal_gpio.o
 .debug_abbrev  0x0000000000000f4c      0x2b3 ./Drivers/STM32F1xx_HAL_Driver/Src/stm32f1xx_hal_rcc.o
 .debug_abbrev  0x00000000000011ff      0x277 ./Drivers/STM32F1xx_HAL_Driver/Src/stm32f1xx_hal_tim.o
 .debug_abbrev  0x0000000000001476      0x282 ./Drivers/STM32F1xx_HAL_Driver/Src/stm32f1xx_hal_tim_ex.o
 .debug_abbrev  0x00000000000016f8       0xf5 ./ThirdParty/FreeRTOS/Source/list.o
 .debug_abbrev  0x00000000000017ed      0x321 ./ThirdParty/FreeRTOS/Source/queue.o
 .debug_abbrev  0x0000000000001b0e      0x3d0 ./ThirdParty/FreeRTOS/Source/tasks.o
 .debug_abbrev  0x0000000000001ede      0x2cb ./ThirdParty/FreeRTOS/Source/timers.o
 .debug_abbrev  0x00000000000021a9      0x261 ./ThirdParty/FreeRTOS/Source/portable/GCC/ARM_CM3/port.o
 .debug_abbrev  0x000000000000240a      0x256 ./ThirdParty/FreeRTOS/Source/portable/MemMang/heap_4.o
 .debug_abbrev  0x0000000000002660       0xf4 ./ThirdParty/SEGGER/Config/SEGGER_SYSVIEW_Config_FreeRTOS.o
 .debug_abbrev  0x0000000000002754      0x191 ./ThirdParty/SEGGER/OS/SEGGER_SYSVIEW_FreeRTOS.o
 .debug_abbrev  0x00000000000028e5      0x21f ./ThirdParty/SEGGER/SEGGER/SEGGER_RTT.o
 .debug_abbrev  0x0000000000002b04       0x14 ./ThirdParty/SEGGER/SEGGER/SEGGER_RTT_ASM_ARMv7M.o
 .debug_abbrev  0x0000000000002b18      0x320 ./ThirdParty/SEGGER/SEGGER/SEGGER_SYSVIEW.o

.debug_aranges  0x0000000000000000     0x1328
 .debug_aranges
                0x0000000000000000       0x50 ./Core/Src/main.o
 .debug_aranges
                0x0000000000000050       0x20 ./Core/Src/stm32f1xx_hal_msp.o
 .debug_aranges
                0x0000000000000070       0x30 ./Core/Src/stm32f1xx_hal_timebase_tim.o
 .debug_aranges
                0x00000000000000a0       0x50 ./Core/Src/stm32f1xx_it.o
 .debug_aranges
                0x00000000000000f0       0x28 ./Core/Src/system_stm32f1xx.o
 .debug_aranges
                0x0000000000000118       0x28 ./Core/Startup/startup_stm32f103c8tx.o
 .debug_aranges
                0x0000000000000140       0xe0 ./Drivers/STM32F1xx_HAL_Driver/Src/stm32f1xx_hal.o
 .debug_aranges
                0x0000000000000220      0x100 ./Drivers/STM32F1xx_HAL_Driver/Src/stm32f1xx_hal_cortex.o
 .debug_aranges
                0x0000000000000320       0x58 ./Drivers/STM32F1xx_HAL_Driver/Src/stm32f1xx_hal_gpio.o
 .debug_aranges
                0x0000000000000378       0x90 ./Drivers/STM32F1xx_HAL_Driver/Src/stm32f1xx_hal_rcc.o
 .debug_aranges
                0x0000000000000408      0x3d0 ./Drivers/STM32F1xx_HAL_Driver/Src/stm32f1xx_hal_tim.o
 .debug_aranges
                0x00000000000007d8      0x168 ./Drivers/STM32F1xx_HAL_Driver/Src/stm32f1xx_hal_tim_ex.o
 .debug_aranges
                0x0000000000000940       0x40 ./ThirdParty/FreeRTOS/Source/list.o
 .debug_aranges
                0x0000000000000980      0x130 ./ThirdParty/FreeRTOS/Source/queue.o
 .debug_aranges
                0x0000000000000ab0      0x208 ./ThirdParty/FreeRTOS/Source/tasks.o
 .debug_aranges
                0x0000000000000cb8       0xe8 ./ThirdParty/FreeRTOS/Source/timers.o
 .debug_aranges
                0x0000000000000da0       0x80 ./ThirdParty/FreeRTOS/Source/portable/GCC/ARM_CM3/port.o
 .debug_aranges
                0x0000000000000e20       0x60 ./ThirdParty/FreeRTOS/Source/portable/MemMang/heap_4.o
 .debug_aranges
                0x0000000000000e80       0x28 ./ThirdParty/SEGGER/Config/SEGGER_SYSVIEW_Config_FreeRTOS.o
 .debug_aranges
                0x0000000000000ea8       0x48 ./ThirdParty/SEGGER/OS/SEGGER_SYSVIEW_FreeRTOS.o
 .debug_aranges
                0x0000000000000ef0      0x138 ./ThirdParty/SEGGER/SEGGER/SEGGER_RTT.o
 .debug_aranges
                0x0000000000001028       0x20 ./ThirdParty/SEGGER/SEGGER/SEGGER_RTT_ASM_ARMv7M.o
 .debug_aranges
                0x0000000000001048      0x2e0 ./ThirdParty/SEGGER/SEGGER/SEGGER_SYSVIEW.o

.debug_rnglists
                0x0000000000000000      0xeb9
 .debug_rnglists
                0x0000000000000000       0x39 ./Core/Src/main.o
 .debug_rnglists
                0x0000000000000039       0x13 ./Core/Src/stm32f1xx_hal_msp.o
 .debug_rnglists
                0x000000000000004c       0x20 ./Core/Src/stm32f1xx_hal_timebase_tim.o
 .debug_rnglists
                0x000000000000006c       0x37 ./Core/Src/stm32f1xx_it.o
 .debug_rnglists
                0x00000000000000a3       0x1a ./Core/Src/system_stm32f1xx.o
 .debug_rnglists
                0x00000000000000bd       0x19 ./Core/Startup/startup_stm32f103c8tx.o
 .debug_rnglists
                0x00000000000000d6       0xa3 ./Drivers/STM32F1xx_HAL_Driver/Src/stm32f1xx_hal.o
 .debug_rnglists
                0x0000000000000179       0xbb ./Drivers/STM32F1xx_HAL_Driver/Src/stm32f1xx_hal_cortex.o
 .debug_rnglists
                0x0000000000000234       0x3f ./Drivers/STM32F1xx_HAL_Driver/Src/stm32f1xx_hal_gpio.o
 .debug_rnglists
                0x0000000000000273       0x6c ./Drivers/STM32F1xx_HAL_Driver/Src/stm32f1xx_hal_rcc.o
 .debug_rnglists
                0x00000000000002df      0x31a ./Drivers/STM32F1xx_HAL_Driver/Src/stm32f1xx_hal_tim.o
 .debug_rnglists
                0x00000000000005f9      0x125 ./Drivers/STM32F1xx_HAL_Driver/Src/stm32f1xx_hal_tim_ex.o
 .debug_rnglists
                0x000000000000071e       0x2b ./ThirdParty/FreeRTOS/Source/list.o
 .debug_rnglists
                0x0000000000000749       0xec ./ThirdParty/FreeRTOS/Source/queue.o
 .debug_rnglists
                0x0000000000000835      0x1a1 ./ThirdParty/FreeRTOS/Source/tasks.o
 .debug_rnglists
                0x00000000000009d6       0xad ./ThirdParty/FreeRTOS/Source/timers.o
 .debug_rnglists
                0x0000000000000a83       0x5d ./ThirdParty/FreeRTOS/Source/portable/GCC/ARM_CM3/port.o
 .debug_rnglists
                0x0000000000000ae0       0x48 ./ThirdParty/FreeRTOS/Source/portable/MemMang/heap_4.o
 .debug_rnglists
                0x0000000000000b28       0x19 ./ThirdParty/SEGGER/Config/SEGGER_SYSVIEW_Config_FreeRTOS.o
 .debug_rnglists
                0x0000000000000b41       0x36 ./ThirdParty/SEGGER/OS/SEGGER_SYSVIEW_FreeRTOS.o
 .debug_rnglists
                0x0000000000000b77       0xf5 ./ThirdParty/SEGGER/SEGGER/SEGGER_RTT.o
 .debug_rnglists
                0x0000000000000c6c      0x24d ./ThirdParty/SEGGER/SEGGER/SEGGER_SYSVIEW.o

.debug_macro    0x0000000000000000    0x1a422
 .debug_macro   0x0000000000000000      0x341 ./Core/Src/main.o
 .debug_macro   0x0000000000000341      0xa9c ./Core/Src/main.o
 .debug_macro   0x0000000000000ddd      0x215 ./Core/Src/main.o
 .debug_macro   0x0000000000000ff2       0x2e ./Core/Src/main.o
 .debug_macro   0x0000000000001020       0x22 ./Core/Src/main.o
 .debug_macro   0x0000000000001042       0x22 ./Core/Src/main.o
 .debug_macro   0x0000000000001064       0x8e ./Core/Src/main.o
 .debug_macro   0x00000000000010f2       0x51 ./Core/Src/main.o
 .debug_macro   0x0000000000001143      0x103 ./Core/Src/main.o
 .debug_macro   0x0000000000001246       0x6a ./Core/Src/main.o
 .debug_macro   0x00000000000012b0      0x1df ./Core/Src/main.o
 .debug_macro   0x000000000000148f       0x1c ./Core/Src/main.o
 .debug_macro   0x00000000000014ab       0x22 ./Core/Src/main.o
 .debug_macro   0x00000000000014cd       0xbd ./Core/Src/main.o
 .debug_macro   0x000000000000158a      0xd23 ./Core/Src/main.o
 .debug_macro   0x00000000000022ad     0xe09e ./Core/Src/main.o
 .debug_macro   0x000000000001034b       0x6d ./Core/Src/main.o
 .debug_macro   0x00000000000103b8     0x348d ./Core/Src/main.o
 .debug_macro   0x0000000000013845      0x174 ./Core/Src/main.o
 .debug_macro   0x00000000000139b9       0x5c ./Core/Src/main.o
 .debug_macro   0x0000000000013a15      0x5bc ./Core/Src/main.o
 .debug_macro   0x0000000000013fd1      0x289 ./Core/Src/main.o
 .debug_macro   0x000000000001425a      0x1cb ./Core/Src/main.o
 .debug_macro   0x0000000000014425      0x114 ./Core/Src/main.o
 .debug_macro   0x0000000000014539      0x1b2 ./Core/Src/main.o
 .debug_macro   0x00000000000146eb       0x27 ./Core/Src/main.o
 .debug_macro   0x0000000000014712      0x136 ./Core/Src/main.o
 .debug_macro   0x0000000000014848      0x1bc ./Core/Src/main.o
 .debug_macro   0x0000000000014a04       0x34 ./Core/Src/main.o
 .debug_macro   0x0000000000014a38       0x3c ./Core/Src/main.o
 .debug_macro   0x0000000000014a74       0x57 ./Core/Src/main.o
 .debug_macro   0x0000000000014acb       0x87 ./Core/Src/main.o
 .debug_macro   0x0000000000014b52      0x240 ./Core/Src/main.o
 .debug_macro   0x0000000000014d92      0x140 ./Core/Src/main.o
 .debug_macro   0x0000000000014ed2      0x8ed ./Core/Src/main.o
 .debug_macro   0x00000000000157bf       0x83 ./Core/Src/main.o
 .debug_macro   0x0000000000015842      0x106 ./Core/Src/main.o
 .debug_macro   0x0000000000015948       0x58 ./Core/Src/main.o
 .debug_macro   0x00000000000159a0       0x46 ./Core/Src/main.o
 .debug_macro   0x00000000000159e6       0x64 ./Core/Src/main.o
 .debug_macro   0x0000000000015a4a       0x49 ./Core/Src/main.o
 .debug_macro   0x0000000000015a93       0xd1 ./Core/Src/main.o
 .debug_macro   0x0000000000015b64      0x220 ./Core/Src/main.o
 .debug_macro   0x0000000000015d84      0x451 ./Core/Src/main.o
 .debug_macro   0x00000000000161d5      0x15a ./Core/Src/main.o
 .debug_macro   0x000000000001632f       0xea ./Core/Src/main.o
 .debug_macro   0x0000000000016419       0x28 ./Core/Src/main.o
 .debug_macro   0x0000000000016441       0x1f ./Core/Src/main.o
 .debug_macro   0x0000000000016460       0x12 ./Core/Src/main.o
 .debug_macro   0x0000000000016472      0x400 ./Core/Src/main.o
 .debug_macro   0x0000000000016872       0xc3 ./Core/Src/main.o
 .debug_macro   0x0000000000016935      0x120 ./Core/Src/main.o
 .debug_macro   0x0000000000016a55       0x61 ./Core/Src/main.o
 .debug_macro   0x0000000000016ab6       0x24 ./Core/Src/main.o
 .debug_macro   0x0000000000016ada       0x43 ./Core/Src/main.o
 .debug_macro   0x0000000000016b1d       0x34 ./Core/Src/main.o
 .debug_macro   0x0000000000016b51       0x16 ./Core/Src/main.o
 .debug_macro   0x0000000000016b67       0x35 ./Core/Src/main.o
 .debug_macro   0x0000000000016b9c      0x369 ./Core/Src/main.o
 .debug_macro   0x0000000000016f05       0x16 ./Core/Src/main.o
 .debug_macro   0x0000000000016f1b       0x43 ./Core/Src/main.o
 .debug_macro   0x0000000000016f5e       0x34 ./Core/Src/main.o
 .debug_macro   0x0000000000016f92       0x10 ./Core/Src/main.o
 .debug_macro   0x0000000000016fa2       0x58 ./Core/Src/main.o
 .debug_macro   0x0000000000016ffa       0x8e ./Core/Src/main.o
 .debug_macro   0x0000000000017088       0x1c ./Core/Src/main.o
 .debug_macro   0x00000000000170a4      0x177 ./Core/Src/main.o
 .debug_macro   0x000000000001721b       0x16 ./Core/Src/main.o
 .debug_macro   0x0000000000017231       0x16 ./Core/Src/main.o
 .debug_macro   0x0000000000017247      0x147 ./Core/Src/main.o
 .debug_macro   0x000000000001738e      0x259 ./Core/Src/stm32f1xx_hal_msp.o
 .debug_macro   0x00000000000175e7      0x451 ./Core/Src/stm32f1xx_hal_msp.o
 .debug_macro   0x0000000000017a38      0x199 ./Core/Src/stm32f1xx_hal_timebase_tim.o
 .debug_macro   0x0000000000017bd1      0x1ad ./Core/Src/stm32f1xx_it.o
 .debug_macro   0x0000000000017d7e      0x199 ./Core/Src/system_stm32f1xx.o
 .debug_macro   0x0000000000017f17      0x1bd ./Drivers/STM32F1xx_HAL_Driver/Src/stm32f1xx_hal.o
 .debug_macro   0x00000000000180d4      0x199 ./Drivers/STM32F1xx_HAL_Driver/Src/stm32f1xx_hal_cortex.o
 .debug_macro   0x000000000001826d      0x204 ./Drivers/STM32F1xx_HAL_Driver/Src/stm32f1xx_hal_gpio.o
 .debug_macro   0x0000000000018471      0x1ab ./Drivers/STM32F1xx_HAL_Driver/Src/stm32f1xx_hal_rcc.o
 .debug_macro   0x000000000001861c      0x19a ./Drivers/STM32F1xx_HAL_Driver/Src/stm32f1xx_hal_tim.o
 .debug_macro   0x00000000000187b6      0x199 ./Drivers/STM32F1xx_HAL_Driver/Src/stm32f1xx_hal_tim_ex.o
 .debug_macro   0x000000000001894f      0x1fa ./ThirdParty/FreeRTOS/Source/list.o
 .debug_macro   0x0000000000018b49      0x291 ./ThirdParty/FreeRTOS/Source/queue.o
 .debug_macro   0x0000000000018dda       0x16 ./ThirdParty/FreeRTOS/Source/queue.o
 .debug_macro   0x0000000000018df0       0x20 ./ThirdParty/FreeRTOS/Source/queue.o
 .debug_macro   0x0000000000018e10       0x80 ./ThirdParty/FreeRTOS/Source/queue.o
 .debug_macro   0x0000000000018e90      0x2e0 ./ThirdParty/FreeRTOS/Source/tasks.o
 .debug_macro   0x0000000000019170       0x17 ./ThirdParty/FreeRTOS/Source/tasks.o
 .debug_macro   0x0000000000019187      0x249 ./ThirdParty/FreeRTOS/Source/timers.o
 .debug_macro   0x00000000000193d0       0x97 ./ThirdParty/FreeRTOS/Source/timers.o
 .debug_macro   0x0000000000019467      0x1f7 ./ThirdParty/FreeRTOS/Source/portable/GCC/ARM_CM3/port.o
 .debug_macro   0x000000000001965e      0x27b ./ThirdParty/FreeRTOS/Source/portable/MemMang/heap_4.o
 .debug_macro   0x00000000000198d9      0x13d ./ThirdParty/SEGGER/Config/SEGGER_SYSVIEW_Config_FreeRTOS.o
 .debug_macro   0x0000000000019a16      0x209 ./ThirdParty/SEGGER/OS/SEGGER_SYSVIEW_FreeRTOS.o
 .debug_macro   0x0000000000019c1f      0x1e9 ./ThirdParty/SEGGER/SEGGER/SEGGER_RTT.o
 .debug_macro   0x0000000000019e08       0x35 ./ThirdParty/SEGGER/SEGGER/SEGGER_RTT.o
 .debug_macro   0x0000000000019e3d      0x138 ./ThirdParty/SEGGER/SEGGER/SEGGER_RTT.o
 .debug_macro   0x0000000000019f75      0x252 ./ThirdParty/SEGGER/SEGGER/SEGGER_SYSVIEW.o
 .debug_macro   0x000000000001a1c7      0x220 ./ThirdParty/SEGGER/SEGGER/SEGGER_SYSVIEW.o
 .debug_macro   0x000000000001a3e7       0x3b ./ThirdParty/SEGGER/SEGGER/SEGGER_SYSVIEW.o

.debug_line     0x0000000000000000    0x151b6
 .debug_line    0x0000000000000000      0xc3a ./Core/Src/main.o
 .debug_line    0x0000000000000c3a      0x99f ./Core/Src/stm32f1xx_hal_msp.o
 .debug_line    0x00000000000015d9      0x753 ./Core/Src/stm32f1xx_hal_timebase_tim.o
 .debug_line    0x0000000000001d2c      0x781 ./Core/Src/stm32f1xx_it.o
 .debug_line    0x00000000000024ad      0x763 ./Core/Src/system_stm32f1xx.o